lagrange0
2026-10-01T19:00:11+02:00
JOB=29083 NODE=lagrange0 CUDA_VISIBLE_DEVICES=0 CPUS=4 MEM=16384 PWD=/home/prignano/qnormuon
Filesystem                  Size  Used Avail Use% Mounted on
10.50.19.60:/lagrange_vol0   14T  1.9T   12T  14% /home
Thu Oct  1 19:00:11 2026       
+-----------------------------------------------------------------------------------------+
| NVIDIA-SMI 570.211.01             Driver Version: 570.211.01     CUDA Version: 12.8     |
|-----------------------------------------+------------------------+----------------------+
| GPU  Name                 Persistence-M | Bus-Id          Disp.A | Volatile Uncorr. ECC |
| Fan  Temp   Perf          Pwr:Usage/Cap |           Memory-Usage | GPU-Util  Compute M. |
|                                         |                        |               MIG M. |
|=========================================+========================+======================|
|   0  NVIDIA H100 NVL                Off |   00000000:21:00.0 Off |                    0 |
| N/A   36C    P0             62W /  400W |       0MiB /  95830MiB |      0%      Default |
|                                         |                        |             Disabled |
+-----------------------------------------+------------------------+----------------------+
                                                                                         
+-----------------------------------------------------------------------------------------+
| Processes:                                                                              |
|  GPU   GI   CI              PID   Type   Process name                        GPU Memory |
|        ID   ID                                                               Usage      |
|=========================================================================================|
|  No running processes found                                                             |
+-----------------------------------------------------------------------------------------+
OFFLINE_AUDIT {"status": "audited", "source": "audit_first.pt", "training_step": 87, "pair_name": "blocks.1.mlp", "G_upper": 1.597003654851411e-05, "observed_support_regret": 1.596888484020743e-05, "observed_regret_inside_bound": true, "direction_difference": 0.000383279119966724, "relative_direction_difference": 1.383039394297445e-05, "multiplier_difference": 1.1907921779055919e-07, "iterations": 26, "internal_gradient_norm": 1.7609302240538376e-12, "high_accuracy_target_reached": true, "independent_method": "safeguarded full-SVD L-BFGS, beta start; no Newton/HVP", "kkt": {"metrics": {"horizontal_residual": 2.0816681711721685e-17, "normalized_horizontal_residual": 6.644469518497753e-17, "spectral_norms": [0.9999999999999507, 1.0], "spectral_excess": 0.0, "primal_spectral_backend": "full_svd_reference", "primal_objective": 1.2453477285307648, "dual_objective": 1.2453477285310581, "residual_rcond": 8.678981340950694e-05, "dual_spectrum_source": "independent_original_residual", "signed_gap": 2.9332092310596636e-13, "normalized_gap": 2.355333505541871e-13, "signed_normalized_gap": 2.355333505541871e-13}, "gradient_norm": 5.369440688878388e-13, "gradient_max": 1.328520626842078e-13, "normalized_gradient_norm": 1.7623536517613908e-12, "sides": [{"sigma_max": 0.37020306367872496, "sigma_min": 4.795752957641829e-05, "rcond": 0.00012954384844863817, "tail": [5.35975498459953e-05, 5.350499736780561e-05, 5.2172926851944005e-05, 5.1839143457919897e-05, 5.066250585528555e-05, 5.0005954687415304e-05, 4.919961386115805e-05, 4.795752957641829e-05]}, {"sigma_max": 0.43300635382435, "sigma_min": 3.758054065354628e-05, "rcond": 8.678981340950694e-05, "tail": [4.309255123632519e-05, 4.2850460666700185e-05, 4.2340078436240316e-05, 4.175415136910073e-05, 4.0702732981330956e-05, 4.0186405361147736e-05, 3.8707425920491036e-05, 3.758054065354628e-05]}]}, "svd_matrices": 58, "line_trials": 28, "seconds": 2.151294060051441}
OFFLINE_AUDIT {"status": "audited", "source": "audit_minimum_rank_margin.pt", "training_step": 87, "pair_name": "blocks.1.mlp", "G_upper": 1.597003654851411e-05, "observed_support_regret": 1.596888484020743e-05, "observed_regret_inside_bound": true, "direction_difference": 0.000383279119966724, "relative_direction_difference": 1.383039394297445e-05, "multiplier_difference": 1.1907921779055919e-07, "iterations": 26, "internal_gradient_norm": 1.7609302240538376e-12, "high_accuracy_target_reached": true, "independent_method": "safeguarded full-SVD L-BFGS, beta start; no Newton/HVP", "kkt": {"metrics": {"horizontal_residual": 2.0816681711721685e-17, "normalized_horizontal_residual": 6.644469518497753e-17, "spectral_norms": [0.9999999999999507, 1.0], "spectral_excess": 0.0, "primal_spectral_backend": "full_svd_reference", "primal_objective": 1.2453477285307648, "dual_objective": 1.2453477285310581, "residual_rcond": 8.678981340950694e-05, "dual_spectrum_source": "independent_original_residual", "signed_gap": 2.9332092310596636e-13, "normalized_gap": 2.355333505541871e-13, "signed_normalized_gap": 2.355333505541871e-13}, "gradient_norm": 5.369440688878388e-13, "gradient_max": 1.328520626842078e-13, "normalized_gradient_norm": 1.7623536517613908e-12, "sides": [{"sigma_max": 0.37020306367872496, "sigma_min": 4.795752957641829e-05, "rcond": 0.00012954384844863817, "tail": [5.35975498459953e-05, 5.350499736780561e-05, 5.2172926851944005e-05, 5.1839143457919897e-05, 5.066250585528555e-05, 5.0005954687415304e-05, 4.919961386115805e-05, 4.795752957641829e-05]}, {"sigma_max": 0.43300635382435, "sigma_min": 3.758054065354628e-05, "rcond": 8.678981340950694e-05, "tail": [4.309255123632519e-05, 4.2850460666700185e-05, 4.2340078436240316e-05, 4.175415136910073e-05, 4.0702732981330956e-05, 4.0186405361147736e-05, 3.8707425920491036e-05, 3.758054065354628e-05]}]}, "svd_matrices": 58, "line_trials": 28, "seconds": 1.472857192158699}
OFFLINE_AUDIT {"status": "audited", "source": "audit_minimum_rcond.pt", "training_step": 87, "pair_name": "blocks.1.mlp", "G_upper": 1.597003654851411e-05, "observed_support_regret": 1.596888484020743e-05, "observed_regret_inside_bound": true, "direction_difference": 0.000383279119966724, "relative_direction_difference": 1.383039394297445e-05, "multiplier_difference": 1.1907921779055919e-07, "iterations": 26, "internal_gradient_norm": 1.7609302240538376e-12, "high_accuracy_target_reached": true, "independent_method": "safeguarded full-SVD L-BFGS, beta start; no Newton/HVP", "kkt": {"metrics": {"horizontal_residual": 2.0816681711721685e-17, "normalized_horizontal_residual": 6.644469518497753e-17, "spectral_norms": [0.9999999999999507, 1.0], "spectral_excess": 0.0, "primal_spectral_backend": "full_svd_reference", "primal_objective": 1.2453477285307648, "dual_objective": 1.2453477285310581, "residual_rcond": 8.678981340950694e-05, "dual_spectrum_source": "independent_original_residual", "signed_gap": 2.9332092310596636e-13, "normalized_gap": 2.355333505541871e-13, "signed_normalized_gap": 2.355333505541871e-13}, "gradient_norm": 5.369440688878388e-13, "gradient_max": 1.328520626842078e-13, "normalized_gradient_norm": 1.7623536517613908e-12, "sides": [{"sigma_max": 0.37020306367872496, "sigma_min": 4.795752957641829e-05, "rcond": 0.00012954384844863817, "tail": [5.35975498459953e-05, 5.350499736780561e-05, 5.2172926851944005e-05, 5.1839143457919897e-05, 5.066250585528555e-05, 5.0005954687415304e-05, 4.919961386115805e-05, 4.795752957641829e-05]}, {"sigma_max": 0.43300635382435, "sigma_min": 3.758054065354628e-05, "rcond": 8.678981340950694e-05, "tail": [4.309255123632519e-05, 4.2850460666700185e-05, 4.2340078436240316e-05, 4.175415136910073e-05, 4.0702732981330956e-05, 4.0186405361147736e-05, 3.8707425920491036e-05, 3.758054065354628e-05]}]}, "svd_matrices": 58, "line_trials": 28, "seconds": 1.4722793102264404}
