lagrange0
2026-09-29T11:26:59+02:00
JOB=28916 NODE=lagrange0 CUDA_VISIBLE_DEVICES=0 CPUS=4 MEM=16384 PWD=/home/prignano/qnormuon
Filesystem                  Size  Used Avail Use% Mounted on
10.50.19.60:/lagrange_vol0   14T  2.0T   12T  15% /home
Tue Sep 29 11:26:59 2026       
+-----------------------------------------------------------------------------------------+
| NVIDIA-SMI 570.211.01             Driver Version: 570.211.01     CUDA Version: 12.8     |
|-----------------------------------------+------------------------+----------------------+
| GPU  Name                 Persistence-M | Bus-Id          Disp.A | Volatile Uncorr. ECC |
| Fan  Temp   Perf          Pwr:Usage/Cap |           Memory-Usage | GPU-Util  Compute M. |
|                                         |                        |               MIG M. |
|=========================================+========================+======================|
|   0  NVIDIA H100 NVL                Off |   00000000:01:00.0 Off |                    0 |
| N/A   35C    P0             64W /  400W |       0MiB /  95830MiB |      0%      Default |
|                                         |                        |             Disabled |
+-----------------------------------------+------------------------+----------------------+
                                                                                         
+-----------------------------------------------------------------------------------------+
| Processes:                                                                              |
|  GPU   GI   CI              PID   Type   Process name                        GPU Memory |
|        ID   ID                                                               Usage      |
|=========================================================================================|
|  No running processes found                                                             |
+-----------------------------------------------------------------------------------------+
CAST_RUN 1 True 3.154770605266094 42
CAST_RUN 2 False 2.362642213702202 36
CAST_RUN 3 False 2.3487827479839325 36
CAST_RUN 4 True 2.594879649579525 42
CAST_RUN 5 False 2.348665773868561 36
CAST_RUN 6 True 2.59518800675869 42
CAST_RUN 7 True 2.5949730575084686 42
CAST_RUN 8 False 2.3487336933612823 36
CAST_SUMMARY {"False": {"optimizer_median": 2.3487336933612823, "optimizer_times": [2.3487827479839325, 2.348665773868561, 2.3487336933612823], "svdvals_calls": [36]}, "True": {"optimizer_median": 2.5949730575084686, "optimizer_times": [2.594879649579525, 2.59518800675869, 2.5949730575084686], "svdvals_calls": [42]}}
