lagrange0
2026-10-02T14:40:29+02:00
JOB=29104 NODE=lagrange0 CUDA_VISIBLE_DEVICES=0 CPUS=4 MEM=16384 PWD=/home/prignano/qnormuon
Filesystem                  Size  Used Avail Use% Mounted on
10.50.19.60:/lagrange_vol0   14T  1.9T   12T  14% /home
Fri Oct  2 14:40:29 2026       
+-----------------------------------------------------------------------------------------+
| NVIDIA-SMI 570.211.01             Driver Version: 570.211.01     CUDA Version: 12.8     |
|-----------------------------------------+------------------------+----------------------+
| GPU  Name                 Persistence-M | Bus-Id          Disp.A | Volatile Uncorr. ECC |
| Fan  Temp   Perf          Pwr:Usage/Cap |           Memory-Usage | GPU-Util  Compute M. |
|                                         |                        |               MIG M. |
|=========================================+========================+======================|
|   0  NVIDIA H100 NVL                Off |   00000000:21:00.0 Off |                    0 |
| N/A   34C    P0             62W /  400W |       0MiB /  95830MiB |      0%      Default |
|                                         |                        |             Disabled |
+-----------------------------------------+------------------------+----------------------+
                                                                                         
+-----------------------------------------------------------------------------------------+
| Processes:                                                                              |
|  GPU   GI   CI              PID   Type   Process name                        GPU Memory |
|        ID   ID                                                               Usage      |
|=========================================================================================|
|  No running processes found                                                             |
+-----------------------------------------------------------------------------------------+
........................................................................ [ 14%]
........................................................................ [ 28%]
........................................................................ [ 43%]
........................................................................ [ 57%]
........................................................................ [ 72%]
........................................................................ [ 86%]
....................................................................     [100%]
500 passed in 17.44s
EQUIVALENT tuned 3 1.2823756922877337e-05
EQUIVALENT low 3 1.2042319898090838e-05
EQUIVALENT middle 3 2.656943972766733e-05
EQUIVALENT high 4 4.6104385409491095e-07
EQUIVALENT ablation 4 1.9444355578541502e-07
EQUIVALENT blocks.0.mlp 3 2.2806481041672856e-07
EQUIVALENT blocks.1.mlp 3 2.770061139580958e-07
EQUIVALENT blocks.2.mlp 2 2.2759074827756394e-05
EQUIVALENT blocks.3.mlp 3 3.362741793599236e-07
EQUIVALENT blocks.4.mlp 3 9.80826722968237e-07
EQUIVALENT blocks.5.mlp 3 7.595917143309425e-07
EQUIVALENT saved warm blocks.0.mlp 2 1.9419158964916058e-05
GATES_PASSED /home/prignano/qnormuon-runs/production-v1/gates-29104
