lagrange0
2026-09-29T11:48:49+02:00
JOB=28921 NODE=lagrange0 CUDA_VISIBLE_DEVICES=0 CPUS=4 MEM=16384 PWD=/home/prignano/qnormuon
Filesystem                  Size  Used Avail Use% Mounted on
10.50.19.60:/lagrange_vol0   14T  2.0T   12T  15% /home
Tue Sep 29 11:48:49 2026       
+-----------------------------------------------------------------------------------------+
| NVIDIA-SMI 570.211.01             Driver Version: 570.211.01     CUDA Version: 12.8     |
|-----------------------------------------+------------------------+----------------------+
| GPU  Name                 Persistence-M | Bus-Id          Disp.A | Volatile Uncorr. ECC |
| Fan  Temp   Perf          Pwr:Usage/Cap |           Memory-Usage | GPU-Util  Compute M. |
|                                         |                        |               MIG M. |
|=========================================+========================+======================|
|   0  NVIDIA H100 NVL                Off |   00000000:01:00.0 Off |                    0 |
| N/A   33C    P0             63W /  400W |       0MiB /  95830MiB |      0%      Default |
|                                         |                        |             Disabled |
+-----------------------------------------+------------------------+----------------------+
                                                                                         
+-----------------------------------------------------------------------------------------+
| Processes:                                                                              |
|  GPU   GI   CI              PID   Type   Process name                        GPU Memory |
|        ID   ID                                                               Usage      |
|=========================================================================================|
|  No running processes found                                                             |
+-----------------------------------------------------------------------------------------+
ACCOUNTING {"job_id": "28921", "step": 25, "rows": [{"operator": "svd", "category": "line_search_trial", "calls": 12, "matrices": 24, "total_seconds": 0.5141792744398117, "median_seconds": 0.04265201464295387}, {"operator": "svd", "category": "newton_residual_evaluation", "calls": 6, "matrices": 12, "total_seconds": 0.256287656724453, "median_seconds": 0.04267778992652893}, {"operator": "svdvals", "category": "primal_feasible_recovery", "calls": 18, "matrices": 36, "total_seconds": 0.7417593896389008, "median_seconds": 0.04132057726383209}], "total_svd_seconds": 0.7704669311642647, "total_svdvals_seconds": 0.7417593896389008}
OUTPUT cluster/solver_svd_accounting-28921.json
