lagrange0
2026-09-30T11:24:01+02:00
JOB=28980 NODE=lagrange0 CUDA_VISIBLE_DEVICES=0 CPUS=4 MEM=16384 PWD=/home/prignano/qnormuon
Filesystem                  Size  Used Avail Use% Mounted on
10.50.19.60:/lagrange_vol0   14T  1.9T   12T  14% /home
Wed Sep 30 11:24:01 2026       
+-----------------------------------------------------------------------------------------+
| NVIDIA-SMI 570.211.01             Driver Version: 570.211.01     CUDA Version: 12.8     |
|-----------------------------------------+------------------------+----------------------+
| GPU  Name                 Persistence-M | Bus-Id          Disp.A | Volatile Uncorr. ECC |
| Fan  Temp   Perf          Pwr:Usage/Cap |           Memory-Usage | GPU-Util  Compute M. |
|                                         |                        |               MIG M. |
|=========================================+========================+======================|
|   0  NVIDIA H100 NVL                Off |   00000000:21:00.0 Off |                    0 |
| N/A   34C    P0             62W /  400W |       0MiB /  95830MiB |      0%      Default |
|                                         |                        |             Disabled |
+-----------------------------------------+------------------------+----------------------+
                                                                                         
+-----------------------------------------------------------------------------------------+
| Processes:                                                                              |
|  GPU   GI   CI              PID   Type   Process name                        GPU Memory |
|        ID   ID                                                               Usage      |
|=========================================================================================|
|  No running processes found                                                             |
+-----------------------------------------------------------------------------------------+
PROFILE_RESULT {"provenance": {"checkpoint": "/home/prignano/qnormuon-runs/tiny-transformer/smoke-28936-qso-seed2026/checkpoint.pt", "batch_sha256": "df948d1e1872ba312565fb8d3f5774455b7527104354e97544d96b5229e99b8c"}, "results": {"tall": {"total_seconds": 0.025564275681972504, "reduction_qr_seconds": 0.0, "qr_seconds": 0.010427713394165039, "cholesky_solve_seconds": 0.0038010217249393463, "h_form_seconds": 0.000235825777053833, "h_evd_seconds": 0.007805671542882919, "all_accepted": true, "iterations": [5, 5], "derivative_pair_median_seconds": 0.0007983595132827759}, "qr_square": {"total_seconds": 0.027641840279102325, "reduction_qr_seconds": 0.0043968819081783295, "qr_seconds": 0.007978659123182297, "cholesky_solve_seconds": 0.003765895962715149, "h_form_seconds": 0.0002267993986606598, "h_evd_seconds": 0.007822811603546143, "all_accepted": true, "iterations": [5, 5], "derivative_pair_median_seconds": 0.0007954500615596771}}}
