lagrange0
2026-09-29T11:22:17+02:00
JOB=28915 NODE=lagrange0 CUDA_VISIBLE_DEVICES=0 CPUS=4 MEM=16384 PWD=/home/prignano/qnormuon
Filesystem                  Size  Used Avail Use% Mounted on
10.50.19.60:/lagrange_vol0   14T  2.0T   12T  15% /home
Tue Sep 29 11:22:17 2026       
+-----------------------------------------------------------------------------------------+
| NVIDIA-SMI 570.211.01             Driver Version: 570.211.01     CUDA Version: 12.8     |
|-----------------------------------------+------------------------+----------------------+
| GPU  Name                 Persistence-M | Bus-Id          Disp.A | Volatile Uncorr. ECC |
| Fan  Temp   Perf          Pwr:Usage/Cap |           Memory-Usage | GPU-Util  Compute M. |
|                                         |                        |               MIG M. |
|=========================================+========================+======================|
|   0  NVIDIA H100 NVL                Off |   00000000:01:00.0 Off |                    0 |
| N/A   34C    P0             63W /  400W |       0MiB /  95830MiB |      0%      Default |
|                                         |                        |             Disabled |
+-----------------------------------------+------------------------+----------------------+
                                                                                         
+-----------------------------------------------------------------------------------------+
| Processes:                                                                              |
|  GPU   GI   CI              PID   Type   Process name                        GPU Memory |
|        ID   ID                                                               Usage      |
|=========================================================================================|
|  No running processes found                                                             |
+-----------------------------------------------------------------------------------------+
ACCOUNTING {"job_id": "28915", "step": 25, "rows": [{"operator": "svd", "category": "line_search_trial", "calls": 12, "matrices": 24, "total_seconds": 0.5159356892108917, "median_seconds": 0.04277920722961426}, {"operator": "svd", "category": "newton_residual_evaluation", "calls": 6, "matrices": 12, "total_seconds": 0.25711968541145325, "median_seconds": 0.04283259063959122}, {"operator": "svdvals", "category": "cast_diagnostics", "calls": 6, "matrices": 12, "total_seconds": 0.24516433477401733, "median_seconds": 0.041187822818756104}, {"operator": "svdvals", "category": "primal_feasible_recovery", "calls": 18, "matrices": 36, "total_seconds": 0.7442843317985535, "median_seconds": 0.04147832468152046}, {"operator": "svdvals", "category": "residual_dual_certificate", "calls": 18, "matrices": 36, "total_seconds": 0.7750087007880211, "median_seconds": 0.04296169802546501}], "total_svd_seconds": 0.773055374622345, "total_svdvals_seconds": 1.7644573673605919}
OUTPUT cluster/solver_svd_accounting-28915.json
