lagrange0
2026-10-02T11:59:19+02:00
ANALYSIS {
  "classification": "A",
  "failed_qso_seeds": [],
  "inference": {
    "last3": {
      "values": [
        -0.10432620843251605,
        -0.10413912932078073,
        -0.008060733477274873,
        -0.08161528905232718,
        -0.025739073753356934
      ],
      "mean": -0.06477608680725115,
      "median": -0.08161528905232718,
      "sample_sd": 0.04510471056403011,
      "standard_error": 0.02017143978532484,
      "ci95": [
        -0.12078098206400845,
        -0.008771191550493863
      ],
      "seeds_favoring_qso": 5,
      "n": 5,
      "df": 4
    },
    "final": {
      "values": [
        -0.10330450534820557,
        -0.10387003421783447,
        -0.009909391403198242,
        -0.0822521448135376,
        -0.028534650802612305
      ],
      "mean": -0.06557414531707764,
      "median": -0.0822521448135376,
      "sample_sd": 0.04370011391335675,
      "standard_error": 0.01954328506695001,
      "ci95": [
        -0.11983500348069623,
        -0.011313287153459056
      ],
      "seeds_favoring_qso": 5,
      "n": 5,
      "df": 4
    }
  },
  "post_initial_mean": {
    "values": [
      -0.067515529692173,
      -0.06228773295879364,
      0.1317642703652382,
      -0.02611113339662552,
      0.09459932893514633
    ],
    "mean": 0.014089840650558471,
    "median": -0.02611113339662552,
    "sample_sd": 0.09278757681674041,
    "standard_error": 0.04149586584594302,
    "ci95": [
      -0.10112115296335453,
      0.12930083426447148
    ],
    "seeds_favoring_qso": 3,
    "n": 5,
    "df": 4
  },
  "auc_mean": {
    "values": [
      -0.06428726390004158,
      -0.05904179438948631,
      0.13207393884658813,
      -0.02354075387120247,
      0.09549103677272797
    ],
    "mean": 0.016139032691717146,
    "median": -0.02354075387120247,
    "sample_sd": 0.0914230201078614,
    "standard_error": 0.040885617533901644,
    "ci95": [
      -0.09737763998327337,
      0.12965570536670767
    ],
    "seeds_favoring_qso": 3,
    "n": 5,
    "df": 4
  }
}
FIGURES docs/figures/qso_multiseed_512
