lagrange0
2026-10-02T11:00:11+02:00
JOB=29095 NODE=lagrange0 CUDA_VISIBLE_DEVICES=0 CPUS=4 MEM=16384 PWD=/home/prignano/qnormuon
Filesystem                  Size  Used Avail Use% Mounted on
10.50.19.60:/lagrange_vol0   14T  1.9T   12T  14% /home
Fri Oct  2 11:00:11 2026       
+-----------------------------------------------------------------------------------------+
| NVIDIA-SMI 570.211.01             Driver Version: 570.211.01     CUDA Version: 12.8     |
|-----------------------------------------+------------------------+----------------------+
| GPU  Name                 Persistence-M | Bus-Id          Disp.A | Volatile Uncorr. ECC |
| Fan  Temp   Perf          Pwr:Usage/Cap |           Memory-Usage | GPU-Util  Compute M. |
|                                         |                        |               MIG M. |
|=========================================+========================+======================|
|   0  NVIDIA H100 NVL                Off |   00000000:21:00.0 Off |                    0 |
| N/A   34C    P0             62W /  400W |       0MiB /  95830MiB |      0%      Default |
|                                         |                        |             Disabled |
+-----------------------------------------+------------------------+----------------------+
                                                                                         
+-----------------------------------------------------------------------------------------+
| Processes:                                                                              |
|  GPU   GI   CI              PID   Type   Process name                        GPU Memory |
|        ID   ID                                                               Usage      |
|=========================================================================================|
|  No running processes found                                                             |
+-----------------------------------------------------------------------------------------+
VALIDATION 2027 adamw 32 6.237715125083923
VALIDATION 2027 adamw 64 6.164928436279297
VALIDATION 2027 adamw 96 5.7858768701553345
VALIDATION 2027 adamw 128 5.526815176010132
VALIDATION 2027 adamw 160 5.2672659158706665
VALIDATION 2027 adamw 192 5.067366719245911
VALIDATION 2027 adamw 224 4.920341491699219
VALIDATION 2027 adamw 256 4.818987488746643
VALIDATION 2027 adamw 288 4.733858704566956
VALIDATION 2027 adamw 320 4.684859395027161
VALIDATION 2027 adamw 352 4.641331791877747
VALIDATION 2027 adamw 384 4.609472751617432
VALIDATION 2027 adamw 416 4.580790877342224
VALIDATION 2027 adamw 448 4.572052597999573
VALIDATION 2027 adamw 480 4.557336211204529
VALIDATION 2027 adamw 512 4.545092582702637
RUN_END 2027 adamw passed
VALIDATION 2027 qso 32 6.128651142120361
VALIDATION 2027 qso 64 5.9847540855407715
VALIDATION 2027 qso 96 5.955932378768921
VALIDATION 2027 qso 128 5.797837018966675
VALIDATION 2027 qso 160 5.273452401161194
VALIDATION 2027 qso 192 4.988864779472351
VALIDATION 2027 qso 224 4.80967652797699
VALIDATION 2027 qso 256 4.698948979377747
VALIDATION 2027 qso 288 4.621868014335632
VALIDATION 2027 qso 320 4.578961372375488
VALIDATION 2027 qso 352 4.534600853919983
VALIDATION 2027 qso 384 4.505127668380737
VALIDATION 2027 qso 416 4.4767491817474365
VALIDATION 2027 qso 448 4.468212604522705
VALIDATION 2027 qso 480 4.45262885093689
VALIDATION 2027 qso 512 4.441222548484802
RUN_END 2027 qso passed
