lagrange0
2026-10-01T13:35:52+02:00
JOB=29067 NODE=lagrange0 CUDA_VISIBLE_DEVICES=0 CPUS=4 MEM=16384 PWD=/home/prignano/qnormuon
Filesystem                  Size  Used Avail Use% Mounted on
10.50.19.60:/lagrange_vol0   14T  1.9T   12T  14% /home
Thu Oct  1 13:35:52 2026       
+-----------------------------------------------------------------------------------------+
| NVIDIA-SMI 570.211.01             Driver Version: 570.211.01     CUDA Version: 12.8     |
|-----------------------------------------+------------------------+----------------------+
| GPU  Name                 Persistence-M | Bus-Id          Disp.A | Volatile Uncorr. ECC |
| Fan  Temp   Perf          Pwr:Usage/Cap |           Memory-Usage | GPU-Util  Compute M. |
|                                         |                        |               MIG M. |
|=========================================+========================+======================|
|   0  NVIDIA H100 NVL                Off |   00000000:21:00.0 Off |                    0 |
| N/A   35C    P0             62W /  400W |       0MiB /  95830MiB |      0%      Default |
|                                         |                        |             Disabled |
+-----------------------------------------+------------------------+----------------------+
                                                                                         
+-----------------------------------------------------------------------------------------+
| Processes:                                                                              |
|  GPU   GI   CI              PID   Type   Process name                        GPU Memory |
|        ID   ID                                                               Usage      |
|=========================================================================================|
|  No running processes found                                                             |
+-----------------------------------------------------------------------------------------+
tuned LBFGS 32 seconds 10.243158631026745 KKT {'metrics': {'horizontal_residual': 1.3877787807814457e-17, 'normalized_horizontal_residual': 4.619219796043113e-17, 'spectral_norms': [0.999999997591114, 1.0], 'spectral_excess': 0.0, 'primal_spectral_backend': 'full_svd_reference', 'primal_objective': 1.2453477102554444, 'dual_objective': 1.2453477285310495, 'residual_rcond': 8.678981329756668e-05, 'dual_spectrum_source': 'independent_original_residual', 'signed_gap': 1.8275605029316466e-08, 'normalized_gap': 1.4675102070385968e-08, 'signed_normalized_gap': 1.4675102070385968e-08}, 'gradient_norm': 7.290604067911006e-08, 'gradient_max': 2.5880738828074068e-08, 'normalized_gradient_norm': 2.4149152631810826e-07, 'sides': [{'sigma_max': 0.3702030636787133, 'sigma_min': 4.795752960967286e-05, 'rcond': 0.00012954384853847015, 'tail': [5.359754975130426e-05, 5.350499737869689e-05, 5.217292679599032e-05, 5.1839143607682606e-05, 5.0662505823004634e-05, 5.000595467361543e-05, 4.919961396773911e-05, 4.795752960967286e-05]}, {'sigma_max': 0.43300635382434294, 'sigma_min': 3.758054060507482e-05, 'rcond': 8.678981329756668e-05, 'tail': [4.30925512906485e-05, 4.285046066873567e-05, 4.234007847813104e-05, 4.1754151319759315e-05, 4.07027328825942e-05, 4.01864053724687e-05, 3.870742585218776e-05, 3.758054060507482e-05]}]}
low LBFGS 28 seconds 2.476660132408142 KKT {'metrics': {'horizontal_residual': 2.7755575615628914e-17, 'normalized_horizontal_residual': 9.144826324104355e-17, 'spectral_norms': [0.9999999999999685, 1.0], 'spectral_excess': 0.0, 'primal_spectral_backend': 'full_svd_reference', 'primal_objective': 2.072797155936497, 'dual_objective': 2.0727971559369243, 'residual_rcond': 7.74147976609768e-05, 'dual_spectrum_source': 'independent_original_residual', 'signed_gap': 4.2721381987576024e-13, 'normalized_gap': 2.0610498169207275e-13, 'signed_normalized_gap': 2.0610498169207275e-13}, 'gradient_norm': 3.8016032886636527e-13, 'gradient_max': 1.1434950208943917e-13, 'normalized_gradient_norm': 1.2808206031705879e-12, 'sides': [{'sigma_max': 0.43643074927758835, 'sigma_min': 4.270841326238055e-05, 'rcond': 9.785839639639186e-05, 'tail': [4.961113309627893e-05, 4.808549005810509e-05, 4.781618515132008e-05, 4.650551566583456e-05, 4.53767759990355e-05, 4.486848100868779e-05, 4.320255054648433e-05, 4.270841326238055e-05]}, {'sigma_max': 0.5795331286557008, 'sigma_min': 4.486443989271391e-05, 'rcond': 7.74147976609768e-05, 'tail': [5.138297744701817e-05, 5.093775515054727e-05, 4.996808189125479e-05, 4.898195087125339e-05, 4.821485930976293e-05, 4.796249457433897e-05, 4.7176335094460125e-05, 4.486443989271391e-05]}]}
middle LBFGS 44 seconds 7.275792881846428 KKT {'metrics': {'horizontal_residual': 1.3877787807814457e-17, 'normalized_horizontal_residual': 4.623032795987208e-17, 'spectral_norms': [0.999999999999976, 1.0], 'spectral_excess': 0.0, 'primal_spectral_backend': 'full_svd_reference', 'primal_objective': 4.129359899736059, 'dual_objective': 4.129359899737014, 'residual_rcond': 4.4894131191848564e-05, 'dual_spectrum_source': 'independent_original_residual', 'signed_gap': 9.547918011776346e-13, 'normalized_gap': 2.3122029185163596e-13, 'signed_normalized_gap': 2.3122029185163596e-13}, 'gradient_norm': 5.530204970174474e-13, 'gradient_max': 1.4214757843022952e-13, 'normalized_gradient_norm': 1.820217859668672e-12, 'sides': [{'sigma_max': 1.1313503496872344, 'sigma_min': 7.522040659183282e-05, 'rcond': 6.648727921693554e-05, 'tail': [9.092042494972128e-05, 8.819354624228335e-05, 8.727490698440908e-05, 8.338634757319911e-05, 8.260682297500142e-05, 8.050888924697464e-05, 7.667171866664532e-05, 7.522040659183282e-05]}, {'sigma_max': 1.4363242658783637, 'sigma_min': 6.448253002637884e-05, 'rcond': 4.4894131191848564e-05, 'tail': [7.318546333682645e-05, 7.202627890318014e-05, 7.131268044696834e-05, 6.937416267912208e-05, 6.897710980463561e-05, 6.758705186057203e-05, 6.562290268176438e-05, 6.448253002637884e-05]}]}
high LBFGS 36 seconds 5.039386995136738 KKT {'metrics': {'horizontal_residual': 2.7755575615628914e-17, 'normalized_horizontal_residual': 8.281578547472573e-17, 'spectral_norms': [1.0, 0.999999999999966], 'spectral_excess': 0.0, 'primal_spectral_backend': 'full_svd_reference', 'primal_objective': 4.488891269523711, 'dual_objective': 4.488891269524514, 'residual_rcond': 7.70606126295963e-05, 'dual_spectrum_source': 'independent_original_residual', 'signed_gap': 8.029132914089132e-13, 'normalized_gap': 1.788667274834576e-13, 'signed_normalized_gap': 1.788667274834576e-13}, 'gradient_norm': 3.400587489911644e-13, 'gradient_max': 8.862355294070312e-14, 'normalized_gradient_norm': 1.0250192603330101e-12, 'sides': [{'sigma_max': 1.0173693053003596, 'sigma_min': 0.00011724838158444835, 'rcond': 0.00011524662772269595, 'tail': [0.0001356151650613913, 0.0001334457703514907, 0.00012967556882955127, 0.00012741186699343542, 0.00012708643130590868, 0.00012279959834102567, 0.00012085537648104123, 0.00011724838158444835]}, {'sigma_max': 1.4407954488772607, 'sigma_min': 0.00011102857996441591, 'rcond': 7.70606126295963e-05, 'tail': [0.000131007477106241, 0.00012796974645173798, 0.00012571289657720226, 0.0001245419124496881, 0.00012236556868421513, 0.00011838583672677437, 0.00011695674804273956, 0.00011102857996441591]}]}
ablation LBFGS 26 seconds 1.98688805103302 KKT {'metrics': {'horizontal_residual': 1.3877787807814457e-17, 'normalized_horizontal_residual': 4.81344326653105e-17, 'spectral_norms': [0.9999999999999523, 1.0], 'spectral_excess': 0.0, 'primal_spectral_backend': 'full_svd_reference', 'primal_objective': 6.288362664942342, 'dual_objective': 6.288362664943844, 'residual_rcond': 8.761157251280427e-05, 'dual_spectrum_source': 'independent_original_residual', 'signed_gap': 1.5019097077129118e-12, 'normalized_gap': 2.388395497743329e-13, 'signed_normalized_gap': 2.388395497743329e-13}, 'gradient_norm': 5.332759209871382e-13, 'gradient_max': 2.494510674411199e-13, 'normalized_gradient_norm': 1.7668877444077924e-12, 'sides': [{'sigma_max': 1.4148080286922342, 'sigma_min': 0.00017088739651060491, 'rcond': 0.00012078486483326167, 'tail': [0.00020301496070813057, 0.0002019506567098032, 0.00019616953781916754, 0.00019366473543871974, 0.00018340891922216586, 0.00018224691206396488, 0.00017621903296632797, 0.00017088739651060491]}, {'sigma_max': 1.8302486250363856, 'sigma_min': 0.00016035096012883562, 'rcond': 8.761157251280427e-05, 'tail': [0.00018315437010998654, 0.0001813645243275441, 0.0001791957330978755, 0.00017367069371169508, 0.00017151403623864907, 0.00016701353723219992, 0.00016500910547517653, 0.00016035096012883562]}]}
