lagrange0
2026-10-01T13:38:03+02:00
JOB=29068 NODE=lagrange0 CUDA_VISIBLE_DEVICES=0 CPUS=4 MEM=16384 PWD=/home/prignano/qnormuon
Filesystem                  Size  Used Avail Use% Mounted on
10.50.19.60:/lagrange_vol0   14T  1.9T   12T  14% /home
Thu Oct  1 13:38:03 2026       
+-----------------------------------------------------------------------------------------+
| NVIDIA-SMI 570.211.01             Driver Version: 570.211.01     CUDA Version: 12.8     |
|-----------------------------------------+------------------------+----------------------+
| GPU  Name                 Persistence-M | Bus-Id          Disp.A | Volatile Uncorr. ECC |
| Fan  Temp   Perf          Pwr:Usage/Cap |           Memory-Usage | GPU-Util  Compute M. |
|                                         |                        |               MIG M. |
|=========================================+========================+======================|
|   0  NVIDIA H100 NVL                Off |   00000000:21:00.0 Off |                    0 |
| N/A   35C    P0             62W /  400W |       0MiB /  95830MiB |      0%      Default |
|                                         |                        |             Disabled |
+-----------------------------------------+------------------------+----------------------+
                                                                                         
+-----------------------------------------------------------------------------------------+
| Processes:                                                                              |
|  GPU   GI   CI              PID   Type   Process name                        GPU Memory |
|        ID   ID                                                               Usage      |
|=========================================================================================|
|  No running processes found                                                             |
+-----------------------------------------------------------------------------------------+
tuned LBFGS 26 seconds 1.8722929432988167 KKT {'metrics': {'horizontal_residual': 2.0816681711721685e-17, 'normalized_horizontal_residual': 6.644469518497753e-17, 'spectral_norms': [0.9999999999999507, 1.0], 'spectral_excess': 0.0, 'primal_spectral_backend': 'full_svd_reference', 'primal_objective': 1.2453477285307648, 'dual_objective': 1.2453477285310581, 'residual_rcond': 8.678981340950694e-05, 'dual_spectrum_source': 'independent_original_residual', 'signed_gap': 2.9332092310596636e-13, 'normalized_gap': 2.355333505541871e-13, 'signed_normalized_gap': 2.355333505541871e-13}, 'gradient_norm': 5.369440688878388e-13, 'gradient_max': 1.328520626842078e-13, 'normalized_gradient_norm': 1.7623536517613908e-12, 'sides': [{'sigma_max': 0.37020306367872496, 'sigma_min': 4.795752957641829e-05, 'rcond': 0.00012954384844863817, 'tail': [5.35975498459953e-05, 5.350499736780561e-05, 5.2172926851944005e-05, 5.1839143457919897e-05, 5.066250585528555e-05, 5.0005954687415304e-05, 4.919961386115805e-05, 4.795752957641829e-05]}, {'sigma_max': 0.43300635382435, 'sigma_min': 3.758054065354628e-05, 'rcond': 8.678981340950694e-05, 'tail': [4.309255123632519e-05, 4.2850460666700185e-05, 4.2340078436240316e-05, 4.175415136910073e-05, 4.0702732981330956e-05, 4.0186405361147736e-05, 3.8707425920491036e-05, 3.758054065354628e-05]}]}
low LBFGS 27 seconds 1.4329952076077461 KKT {'metrics': {'horizontal_residual': 1.3877787807814457e-17, 'normalized_horizontal_residual': 4.796330349306412e-17, 'spectral_norms': [0.9999999999999263, 1.0], 'spectral_excess': 0.0, 'primal_spectral_backend': 'full_svd_reference', 'primal_objective': 2.0727971559361142, 'dual_objective': 2.0727971559368963, 'residual_rcond': 7.741479766097862e-05, 'dual_spectrum_source': 'independent_original_residual', 'signed_gap': 7.820410985459603e-13, 'normalized_gap': 3.7728780952156445e-13, 'signed_normalized_gap': 3.7728780952156445e-13}, 'gradient_norm': 5.027597675008055e-13, 'gradient_max': 2.2771715069147547e-13, 'normalized_gradient_norm': 1.6794275819158572e-12, 'sides': [{'sigma_max': 0.4364307492775846, 'sigma_min': 4.270841326238256e-05, 'rcond': 9.785839639639731e-05, 'tail': [4.961113309627794e-05, 4.808549005810388e-05, 4.78161851513207e-05, 4.650551566583385e-05, 4.537677599903682e-05, 4.4868481008686954e-05, 4.320255054648235e-05, 4.270841326238256e-05]}, {'sigma_max': 0.5795331286556749, 'sigma_min': 4.4864439892712963e-05, 'rcond': 7.741479766097862e-05, 'tail': [5.1382977447017324e-05, 5.0937755150545445e-05, 4.9968081891256356e-05, 4.898195087125273e-05, 4.8214859309761845e-05, 4.796249457434126e-05, 4.7176335094460986e-05, 4.4864439892712963e-05]}]}
middle LBFGS 34 seconds 1.9558694288134575 KKT {'metrics': {'horizontal_residual': 1.3877787807814457e-17, 'normalized_horizontal_residual': 4.6658654508363196e-17, 'spectral_norms': [1.0, 0.999999999999978], 'spectral_excess': 0.0, 'primal_spectral_backend': 'full_svd_reference', 'primal_objective': 4.12935989973613, 'dual_objective': 4.129359899737081, 'residual_rcond': 4.489413119184292e-05, 'dual_spectrum_source': 'independent_original_residual', 'signed_gap': 9.512390874988341e-13, 'normalized_gap': 2.3035993727730056e-13, 'signed_normalized_gap': 2.3035993727730056e-13}, 'gradient_norm': 2.889346726058395e-13, 'gradient_max': 1.3722356584366935e-13, 'normalized_gradient_norm': 9.367145076292693e-13, 'sides': [{'sigma_max': 1.1313503496872386, 'sigma_min': 7.522040659183396e-05, 'rcond': 6.64872792169363e-05, 'tail': [9.092042494971859e-05, 8.819354624227857e-05, 8.72749069844112e-05, 8.33863475731989e-05, 8.260682297500351e-05, 8.05088892469712e-05, 7.667171866664494e-05, 7.522040659183396e-05]}, {'sigma_max': 1.4363242658784319, 'sigma_min': 6.44825300263738e-05, 'rcond': 4.489413119184292e-05, 'tail': [7.318546333682627e-05, 7.202627890318298e-05, 7.131268044696692e-05, 6.937416267912464e-05, 6.89771098046377e-05, 6.758705186057369e-05, 6.562290268176486e-05, 6.44825300263738e-05]}]}
high LBFGS 30 seconds 1.5553613379597664 KKT {'metrics': {'horizontal_residual': 2.7755575615628914e-17, 'normalized_horizontal_residual': 8.281578547472573e-17, 'spectral_norms': [0.9999999999999774, 1.0], 'spectral_excess': 0.0, 'primal_spectral_backend': 'full_svd_reference', 'primal_objective': 4.488891269523592, 'dual_objective': 4.48889126952451, 'residual_rcond': 7.706061262960034e-05, 'dual_spectrum_source': 'independent_original_residual', 'signed_gap': 9.183764859699295e-13, 'normalized_gap': 2.0458871263041517e-13, 'signed_normalized_gap': 2.0458871263041517e-13}, 'gradient_norm': 3.360383010110988e-13, 'gradient_max': 1.0634895741823414e-13, 'normalized_gradient_norm': 1.0311722305172553e-12, 'sides': [{'sigma_max': 1.0173693053004202, 'sigma_min': 0.00011724838158444515, 'rcond': 0.00011524662772268594, 'tail': [0.00013561516506139154, 0.00013344577035149242, 0.0001296755688295518, 0.0001274118669934353, 0.0001270864313059149, 0.00012279959834102843, 0.00012085537648103766, 0.00011724838158444515]}, {'sigma_max': 1.4407954488772035, 'sigma_min': 0.0001110285799644173, 'rcond': 7.706061262960034e-05, 'tail': [0.00013100747710624206, 0.00012796974645174283, 0.00012571289657720478, 0.00012454191244968716, 0.00012236556868421456, 0.00011838583672677849, 0.00011695674804273489, 0.0001110285799644173]}]}
ablation LBFGS 26 seconds 1.316706508398056 KKT {'metrics': {'horizontal_residual': 1.3877787807814457e-17, 'normalized_horizontal_residual': 4.6291365135464776e-17, 'spectral_norms': [1.0, 0.9999999999999987], 'spectral_excess': 0.0, 'primal_spectral_backend': 'full_svd_reference', 'primal_objective': 6.288362664943014, 'dual_objective': 6.288362664943877, 'residual_rcond': 8.761157251280363e-05, 'dual_spectrum_source': 'independent_original_residual', 'signed_gap': 8.633094239485217e-13, 'normalized_gap': 1.372868375994384e-13, 'signed_normalized_gap': 1.372868375994384e-13}, 'gradient_norm': 1.0784094434387437e-13, 'gradient_max': 7.401457918776444e-14, 'normalized_gradient_norm': 3.5602034012299727e-13, 'sides': [{'sigma_max': 1.4148080286922764, 'sigma_min': 0.0001708873965106054, 'rcond': 0.00012078486483325842, 'tail': [0.00020301496070813653, 0.00020195065670980367, 0.00019616953781916897, 0.0001936647354387207, 0.00018340891922216928, 0.00018224691206396488, 0.0001762190329663286, 0.0001708873965106054]}, {'sigma_max': 1.830248625036364, 'sigma_min': 0.00016035096012883255, 'rcond': 8.761157251280363e-05, 'tail': [0.00018315437010998952, 0.00018136452432754936, 0.0001791957330978771, 0.0001736706937116911, 0.00017151403623865652, 0.00016701353723219204, 0.0001650091054751744, 0.00016035096012883255]}]}
........................................................................ [ 17%]
........................................................................ [ 35%]
........................................................................ [ 53%]
........................................................................ [ 70%]
........................................................................ [ 88%]
...............................................                          [100%]
