lagrange0
2026-09-30T16:41:44+02:00
JOB=29024 NODE=lagrange0 CUDA_VISIBLE_DEVICES=0 CPUS=4 MEM=16384 PWD=/home/prignano/qnormuon
Filesystem                  Size  Used Avail Use% Mounted on
10.50.19.60:/lagrange_vol0   14T  1.9T   12T  14% /home
Wed Sep 30 16:41:44 2026       
+-----------------------------------------------------------------------------------------+
| NVIDIA-SMI 570.211.01             Driver Version: 570.211.01     CUDA Version: 12.8     |
|-----------------------------------------+------------------------+----------------------+
| GPU  Name                 Persistence-M | Bus-Id          Disp.A | Volatile Uncorr. ECC |
| Fan  Temp   Perf          Pwr:Usage/Cap |           Memory-Usage | GPU-Util  Compute M. |
|                                         |                        |               MIG M. |
|=========================================+========================+======================|
|   0  NVIDIA H100 NVL                Off |   00000000:21:00.0 Off |                    0 |
| N/A   34C    P0             62W /  400W |       0MiB /  95830MiB |      0%      Default |
|                                         |                        |             Disabled |
+-----------------------------------------+------------------------+----------------------+
                                                                                         
+-----------------------------------------------------------------------------------------+
| Processes:                                                                              |
|  GPU   GI   CI              PID   Type   Process name                        GPU Memory |
|        ID   ID                                                               Usage      |
|=========================================================================================|
|  No running processes found                                                             |
+-----------------------------------------------------------------------------------------+
........................................................................ [ 18%]
........................................................................ [ 36%]
........................................................................ [ 54%]
........................................................................ [ 72%]
........................................................................ [ 90%]
........................................                                 [100%]
400 passed in 16.66s
RUN_BEGIN coarse-adamw-a0.0001-q0.001
VALIDATION coarse-adamw-a0.0001-q0.001 32 6.235702991485596
VALIDATION coarse-adamw-a0.0001-q0.001 64 5.998391389846802
VALIDATION coarse-adamw-a0.0001-q0.001 96 5.808214545249939
VALIDATION coarse-adamw-a0.0001-q0.001 128 5.588936805725098
VALIDATION coarse-adamw-a0.0001-q0.001 160 5.438667058944702
VALIDATION coarse-adamw-a0.0001-q0.001 192 5.339609384536743
VALIDATION coarse-adamw-a0.0001-q0.001 224 5.287004351615906
VALIDATION coarse-adamw-a0.0001-q0.001 256 5.2553921937942505
RUN_END coarse-adamw-a0.0001-q0.001 passed 5.294001976648967
RUN_BEGIN coarse-adamw-a0.0002-q0.001
VALIDATION coarse-adamw-a0.0002-q0.001 32 6.056228995323181
VALIDATION coarse-adamw-a0.0002-q0.001 64 5.958563327789307
VALIDATION coarse-adamw-a0.0002-q0.001 96 5.708869099617004
VALIDATION coarse-adamw-a0.0002-q0.001 128 5.393320322036743
VALIDATION coarse-adamw-a0.0002-q0.001 160 5.198605060577393
VALIDATION coarse-adamw-a0.0002-q0.001 192 5.079736232757568
VALIDATION coarse-adamw-a0.0002-q0.001 224 5.01697039604187
VALIDATION coarse-adamw-a0.0002-q0.001 256 4.980425953865051
RUN_END coarse-adamw-a0.0002-q0.001 passed 5.0257108608881635
RUN_BEGIN coarse-adamw-a0.0003-q0.001
VALIDATION coarse-adamw-a0.0003-q0.001 32 6.003805160522461
VALIDATION coarse-adamw-a0.0003-q0.001 64 5.957375168800354
VALIDATION coarse-adamw-a0.0003-q0.001 96 5.881409525871277
VALIDATION coarse-adamw-a0.0003-q0.001 128 5.5993852615356445
VALIDATION coarse-adamw-a0.0003-q0.001 160 5.443151473999023
VALIDATION coarse-adamw-a0.0003-q0.001 192 5.349248766899109
VALIDATION coarse-adamw-a0.0003-q0.001 224 5.2593700885772705
VALIDATION coarse-adamw-a0.0003-q0.001 256 5.188641428947449
RUN_END coarse-adamw-a0.0003-q0.001 passed 5.265753428141276
RUN_BEGIN coarse-adamw-a0.0005-q0.001
VALIDATION coarse-adamw-a0.0005-q0.001 32 6.007152318954468
VALIDATION coarse-adamw-a0.0005-q0.001 64 5.972639322280884
VALIDATION coarse-adamw-a0.0005-q0.001 96 5.872018575668335
VALIDATION coarse-adamw-a0.0005-q0.001 128 5.52985417842865
VALIDATION coarse-adamw-a0.0005-q0.001 160 5.370115399360657
VALIDATION coarse-adamw-a0.0005-q0.001 192 5.2300649881362915
VALIDATION coarse-adamw-a0.0005-q0.001 224 5.107501983642578
VALIDATION coarse-adamw-a0.0005-q0.001 256 5.029074430465698
RUN_END coarse-adamw-a0.0005-q0.001 passed 5.122213800748189
RUN_BEGIN coarse-adamw-a0.0008-q0.001
VALIDATION coarse-adamw-a0.0008-q0.001 32 5.9991295337677
VALIDATION coarse-adamw-a0.0008-q0.001 64 5.8743932247161865
VALIDATION coarse-adamw-a0.0008-q0.001 96 5.501858115196228
VALIDATION coarse-adamw-a0.0008-q0.001 128 5.351306676864624
VALIDATION coarse-adamw-a0.0008-q0.001 160 5.233486175537109
VALIDATION coarse-adamw-a0.0008-q0.001 192 5.1355438232421875
VALIDATION coarse-adamw-a0.0008-q0.001 224 5.063793778419495
VALIDATION coarse-adamw-a0.0008-q0.001 256 5.011186718940735
RUN_END coarse-adamw-a0.0008-q0.001 passed 5.070174773534139
RUN_BEGIN coarse-adamw-a0.0012-q0.001
VALIDATION coarse-adamw-a0.0012-q0.001 32 5.998662352561951
VALIDATION coarse-adamw-a0.0012-q0.001 64 5.973856806755066
VALIDATION coarse-adamw-a0.0012-q0.001 96 5.707038760185242
VALIDATION coarse-adamw-a0.0012-q0.001 128 5.480313062667847
VALIDATION coarse-adamw-a0.0012-q0.001 160 5.3852996826171875
VALIDATION coarse-adamw-a0.0012-q0.001 192 5.317729115486145
VALIDATION coarse-adamw-a0.0012-q0.001 224 5.280133485794067
VALIDATION coarse-adamw-a0.0012-q0.001 256 5.238416433334351
RUN_END coarse-adamw-a0.0012-q0.001 passed 5.278759678204854
RUN_BEGIN coarse-qso-a0.0003-q0.0003
VALIDATION coarse-qso-a0.0003-q0.0003 32 6.007028818130493
VALIDATION coarse-qso-a0.0003-q0.0003 64 5.972964882850647
RUN_FAILURE {"status": "failed", "run_id": "coarse-qso-a0.0003-q0.0003", "stage": "coarse", "method": "qso", "steps": 256, "adam_lr": 0.0003, "qso_lr": 0.0003, "completed_steps": 92, "exception": "TimeoutError('unchanged 180-second per-step budget exceeded')", "traceback": "Traceback (most recent call last):\n  File \"/home/prignano/qnormuon/cluster/run_lr_study.py\", line 106, in run\n    record=tt.train_step(model,opts,train,config,step)\n  File \"/home/prignano/qnormuon/benchmarks/tiny_transformer.py\", line 293, in train_step\n    synchronize(model);optimizer_start=time.perf_counter();opts.step();synchronize(model)\n  File \"/home/prignano/qnormuon/benchmarks/tiny_transformer.py\", line 211, in step\n    for o in self.all:o.step()\n  File \"/home/prignano/modded-nanogpt/.venv/lib/python3.10/site-packages/torch/optim/optimizer.py\", line 526, in wrapper\n    out = func(*args, **kwargs)\n  File \"/home/prignano/modded-nanogpt/.venv/lib/python3.10/site-packages/torch/utils/_contextlib.py\", line 124, in decorate_context\n    return func(*args, **kwargs)\n  File \"/home/prignano/qnormuon/qnormuon/optimizer.py\", line 134, in step\n    result = solve_coupled(su, sd, objective, config=config,\n  File \"/home/prignano/qnormuon/cluster/run_lr_study.py\", line 79, in observed\n    result=original(u,d,a,**kw)\n  File \"/home/prignano/modded-nanogpt/.venv/lib/python3.10/site-packages/torch/utils/_contextlib.py\", line 124, in decorate_context\n    return func(*args, **kwargs)\n  File \"/home/prignano/qnormuon/qnormuon/coupled_solver.py\", line 464, in solve_coupled\n    result = _solve(u, d, a, config=config, initial_lambda=initial_lambda)\n  File \"/home/prignano/modded-nanogpt/.venv/lib/python3.10/site-packages/torch/utils/_contextlib.py\", line 124, in decorate_context\n    return func(*args, **kwargs)\n  File \"/home/prignano/qnormuon/qnormuon/coupled_solver.py\", line 426, in _solve\n    oracle = _reference(ud, dd, ad, config.reference_max_iterations)\n  File \"/home/prignano/qnormuon/qnormuon/coupled_solver.py\", line 442, in _reference\n    result = reference(u.cpu(), d.cpu(), a.cpu(), max_iterations=max_iterations)\n  File \"/home/prignano/qnormuon/experiments/dual_solver.py\", line 141, in reference\n    r = solve_lmo(u, d, centered, tolerance=tolerance, max_iterations=max_iterations,\n  File \"/home/prignano/modded-nanogpt/.venv/lib/python3.10/site-packages/torch/utils/_contextlib.py\", line 124, in decorate_context\n    return func(*args, **kwargs)\n  File \"/home/prignano/qnormuon/experiments/horizontal_spectral.py\", line 120, in solve_lmo\n    z = ball_project(p + y)\n  File \"/home/prignano/qnormuon/experiments/horizontal_spectral.py\", line 54, in ball_project\n    left, values, right = torch.linalg.svd(p, full_matrices=False)\n  File \"/home/prignano/qnormuon/cluster/run_lr_study.py\", line 40, in timeout\n    raise TimeoutError('unchanged 180-second per-step budget exceeded')\nTimeoutError: unchanged 180-second per-step budget exceeded\n", "active": {"step": 92, "pair": "blocks.0.mlp"}, "evaluations": {"0": 6.998700022697449, "32": 6.007028818130493, "64": 5.972964882850647}, "observed_pairs": 552, "fallback_count": 0, "total_wall_seconds": 280.93728994578123}
RUN_END coarse-qso-a0.0003-q0.0003 failed None
RUN_BEGIN coarse-qso-a0.0003-q0.0006
VALIDATION coarse-qso-a0.0003-q0.0006 32 6.006755113601685
VALIDATION coarse-qso-a0.0003-q0.0006 64 5.971961498260498
RUN_FAILURE {"status": "failed", "run_id": "coarse-qso-a0.0003-q0.0006", "stage": "coarse", "method": "qso", "steps": 256, "adam_lr": 0.0003, "qso_lr": 0.0006, "completed_steps": 89, "exception": "TimeoutError('unchanged 180-second per-step budget exceeded')", "traceback": "Traceback (most recent call last):\n  File \"/home/prignano/qnormuon/cluster/run_lr_study.py\", line 106, in run\n    record=tt.train_step(model,opts,train,config,step)\n  File \"/home/prignano/qnormuon/benchmarks/tiny_transformer.py\", line 293, in train_step\n    synchronize(model);optimizer_start=time.perf_counter();opts.step();synchronize(model)\n  File \"/home/prignano/qnormuon/benchmarks/tiny_transformer.py\", line 211, in step\n    for o in self.all:o.step()\n  File \"/home/prignano/modded-nanogpt/.venv/lib/python3.10/site-packages/torch/optim/optimizer.py\", line 526, in wrapper\n    out = func(*args, **kwargs)\n  File \"/home/prignano/modded-nanogpt/.venv/lib/python3.10/site-packages/torch/utils/_contextlib.py\", line 124, in decorate_context\n    return func(*args, **kwargs)\n  File \"/home/prignano/qnormuon/qnormuon/optimizer.py\", line 134, in step\n    result = solve_coupled(su, sd, objective, config=config,\n  File \"/home/prignano/qnormuon/cluster/run_lr_study.py\", line 79, in observed\n    result=original(u,d,a,**kw)\n  File \"/home/prignano/modded-nanogpt/.venv/lib/python3.10/site-packages/torch/utils/_contextlib.py\", line 124, in decorate_context\n    return func(*args, **kwargs)\n  File \"/home/prignano/qnormuon/qnormuon/coupled_solver.py\", line 464, in solve_coupled\n    result = _solve(u, d, a, config=config, initial_lambda=initial_lambda)\n  File \"/home/prignano/modded-nanogpt/.venv/lib/python3.10/site-packages/torch/utils/_contextlib.py\", line 124, in decorate_context\n    return func(*args, **kwargs)\n  File \"/home/prignano/qnormuon/qnormuon/coupled_solver.py\", line 426, in _solve\n    oracle = _reference(ud, dd, ad, config.reference_max_iterations)\n  File \"/home/prignano/qnormuon/qnormuon/coupled_solver.py\", line 442, in _reference\n    result = reference(u.cpu(), d.cpu(), a.cpu(), max_iterations=max_iterations)\n  File \"/home/prignano/qnormuon/experiments/dual_solver.py\", line 141, in reference\n    r = solve_lmo(u, d, centered, tolerance=tolerance, max_iterations=max_iterations,\n  File \"/home/prignano/modded-nanogpt/.venv/lib/python3.10/site-packages/torch/utils/_contextlib.py\", line 124, in decorate_context\n    return func(*args, **kwargs)\n  File \"/home/prignano/qnormuon/experiments/horizontal_spectral.py\", line 120, in solve_lmo\n    z = ball_project(p + y)\n  File \"/home/prignano/qnormuon/experiments/horizontal_spectral.py\", line 54, in ball_project\n    left, values, right = torch.linalg.svd(p, full_matrices=False)\n  File \"/home/prignano/qnormuon/cluster/run_lr_study.py\", line 40, in timeout\n    raise TimeoutError('unchanged 180-second per-step budget exceeded')\nTimeoutError: unchanged 180-second per-step budget exceeded\n", "active": {"step": 89, "pair": "blocks.0.mlp"}, "evaluations": {"0": 6.998700022697449, "32": 6.006755113601685, "64": 5.971961498260498}, "observed_pairs": 534, "fallback_count": 0, "total_wall_seconds": 277.5561333447695}
RUN_END coarse-qso-a0.0003-q0.0006 failed None
RUN_BEGIN coarse-qso-a0.0003-q0.001
VALIDATION coarse-qso-a0.0003-q0.001 32 6.006412625312805
VALIDATION coarse-qso-a0.0003-q0.001 64 5.9701478481292725
RUN_FAILURE {"status": "failed", "run_id": "coarse-qso-a0.0003-q0.001", "stage": "coarse", "method": "qso", "steps": 256, "adam_lr": 0.0003, "qso_lr": 0.001, "completed_steps": 87, "exception": "TimeoutError('unchanged 180-second per-step budget exceeded')", "traceback": "Traceback (most recent call last):\n  File \"/home/prignano/qnormuon/cluster/run_lr_study.py\", line 106, in run\n    record=tt.train_step(model,opts,train,config,step)\n  File \"/home/prignano/qnormuon/benchmarks/tiny_transformer.py\", line 293, in train_step\n    synchronize(model);optimizer_start=time.perf_counter();opts.step();synchronize(model)\n  File \"/home/prignano/qnormuon/benchmarks/tiny_transformer.py\", line 211, in step\n    for o in self.all:o.step()\n  File \"/home/prignano/modded-nanogpt/.venv/lib/python3.10/site-packages/torch/optim/optimizer.py\", line 526, in wrapper\n    out = func(*args, **kwargs)\n  File \"/home/prignano/modded-nanogpt/.venv/lib/python3.10/site-packages/torch/utils/_contextlib.py\", line 124, in decorate_context\n    return func(*args, **kwargs)\n  File \"/home/prignano/qnormuon/qnormuon/optimizer.py\", line 134, in step\n    result = solve_coupled(su, sd, objective, config=config,\n  File \"/home/prignano/qnormuon/cluster/run_lr_study.py\", line 79, in observed\n    result=original(u,d,a,**kw)\n  File \"/home/prignano/modded-nanogpt/.venv/lib/python3.10/site-packages/torch/utils/_contextlib.py\", line 124, in decorate_context\n    return func(*args, **kwargs)\n  File \"/home/prignano/qnormuon/qnormuon/coupled_solver.py\", line 464, in solve_coupled\n    result = _solve(u, d, a, config=config, initial_lambda=initial_lambda)\n  File \"/home/prignano/modded-nanogpt/.venv/lib/python3.10/site-packages/torch/utils/_contextlib.py\", line 124, in decorate_context\n    return func(*args, **kwargs)\n  File \"/home/prignano/qnormuon/qnormuon/coupled_solver.py\", line 426, in _solve\n    oracle = _reference(ud, dd, ad, config.reference_max_iterations)\n  File \"/home/prignano/qnormuon/qnormuon/coupled_solver.py\", line 442, in _reference\n    result = reference(u.cpu(), d.cpu(), a.cpu(), max_iterations=max_iterations)\n  File \"/home/prignano/qnormuon/experiments/dual_solver.py\", line 141, in reference\n    r = solve_lmo(u, d, centered, tolerance=tolerance, max_iterations=max_iterations,\n  File \"/home/prignano/modded-nanogpt/.venv/lib/python3.10/site-packages/torch/utils/_contextlib.py\", line 124, in decorate_context\n    return func(*args, **kwargs)\n  File \"/home/prignano/qnormuon/experiments/horizontal_spectral.py\", line 120, in solve_lmo\n    z = ball_project(p + y)\n  File \"/home/prignano/qnormuon/experiments/horizontal_spectral.py\", line 54, in ball_project\n    left, values, right = torch.linalg.svd(p, full_matrices=False)\n  File \"/home/prignano/qnormuon/cluster/run_lr_study.py\", line 40, in timeout\n    raise TimeoutError('unchanged 180-second per-step budget exceeded')\nTimeoutError: unchanged 180-second per-step budget exceeded\n", "active": {"step": 87, "pair": "blocks.0.mlp"}, "evaluations": {"0": 6.998700022697449, "32": 6.006412625312805, "64": 5.9701478481292725}, "observed_pairs": 522, "fallback_count": 0, "total_wall_seconds": 276.67567636817694}
RUN_END coarse-qso-a0.0003-q0.001 failed None
RUN_BEGIN coarse-qso-a0.0003-q0.0015
VALIDATION coarse-qso-a0.0003-q0.0015 32 6.005876660346985
VALIDATION coarse-qso-a0.0003-q0.0015 64 5.966808319091797
VALIDATION coarse-qso-a0.0003-q0.0015 96 5.907724618911743
VALIDATION coarse-qso-a0.0003-q0.0015 128 5.504728555679321
VALIDATION coarse-qso-a0.0003-q0.0015 160 5.170902729034424
VALIDATION coarse-qso-a0.0003-q0.0015 192 5.015440225601196
VALIDATION coarse-qso-a0.0003-q0.0015 224 4.938486814498901
VALIDATION coarse-qso-a0.0003-q0.0015 256 4.895970821380615
RUN_END coarse-qso-a0.0003-q0.0015 passed 4.949965953826904
RUN_BEGIN coarse-qso-a0.0003-q0.0025
VALIDATION coarse-qso-a0.0003-q0.0025 32 6.004862308502197
VALIDATION coarse-qso-a0.0003-q0.0025 64 5.990948677062988
RUN_FAILURE {"status": "failed", "run_id": "coarse-qso-a0.0003-q0.0025", "stage": "coarse", "method": "qso", "steps": 256, "adam_lr": 0.0003, "qso_lr": 0.0025, "completed_steps": 89, "exception": "TimeoutError('unchanged 180-second per-step budget exceeded')", "traceback": "Traceback (most recent call last):\n  File \"/home/prignano/qnormuon/cluster/run_lr_study.py\", line 106, in run\n    record=tt.train_step(model,opts,train,config,step)\n  File \"/home/prignano/qnormuon/benchmarks/tiny_transformer.py\", line 293, in train_step\n    synchronize(model);optimizer_start=time.perf_counter();opts.step();synchronize(model)\n  File \"/home/prignano/qnormuon/benchmarks/tiny_transformer.py\", line 211, in step\n    for o in self.all:o.step()\n  File \"/home/prignano/modded-nanogpt/.venv/lib/python3.10/site-packages/torch/optim/optimizer.py\", line 526, in wrapper\n    out = func(*args, **kwargs)\n  File \"/home/prignano/modded-nanogpt/.venv/lib/python3.10/site-packages/torch/utils/_contextlib.py\", line 124, in decorate_context\n    return func(*args, **kwargs)\n  File \"/home/prignano/qnormuon/qnormuon/optimizer.py\", line 134, in step\n    result = solve_coupled(su, sd, objective, config=config,\n  File \"/home/prignano/qnormuon/cluster/run_lr_study.py\", line 79, in observed\n    result=original(u,d,a,**kw)\n  File \"/home/prignano/modded-nanogpt/.venv/lib/python3.10/site-packages/torch/utils/_contextlib.py\", line 124, in decorate_context\n    return func(*args, **kwargs)\n  File \"/home/prignano/qnormuon/qnormuon/coupled_solver.py\", line 464, in solve_coupled\n    result = _solve(u, d, a, config=config, initial_lambda=initial_lambda)\n  File \"/home/prignano/modded-nanogpt/.venv/lib/python3.10/site-packages/torch/utils/_contextlib.py\", line 124, in decorate_context\n    return func(*args, **kwargs)\n  File \"/home/prignano/qnormuon/qnormuon/coupled_solver.py\", line 426, in _solve\n    oracle = _reference(ud, dd, ad, config.reference_max_iterations)\n  File \"/home/prignano/qnormuon/qnormuon/coupled_solver.py\", line 442, in _reference\n    result = reference(u.cpu(), d.cpu(), a.cpu(), max_iterations=max_iterations)\n  File \"/home/prignano/qnormuon/experiments/dual_solver.py\", line 141, in reference\n    r = solve_lmo(u, d, centered, tolerance=tolerance, max_iterations=max_iterations,\n  File \"/home/prignano/modded-nanogpt/.venv/lib/python3.10/site-packages/torch/utils/_contextlib.py\", line 124, in decorate_context\n    return func(*args, **kwargs)\n  File \"/home/prignano/qnormuon/experiments/horizontal_spectral.py\", line 120, in solve_lmo\n    z = ball_project(p + y)\n  File \"/home/prignano/qnormuon/experiments/horizontal_spectral.py\", line 54, in ball_project\n    left, values, right = torch.linalg.svd(p, full_matrices=False)\n  File \"/home/prignano/qnormuon/cluster/run_lr_study.py\", line 40, in timeout\n    raise TimeoutError('unchanged 180-second per-step budget exceeded')\nTimeoutError: unchanged 180-second per-step budget exceeded\n", "active": {"step": 89, "pair": "blocks.1.mlp"}, "evaluations": {"0": 6.998700022697449, "32": 6.004862308502197, "64": 5.990948677062988}, "observed_pairs": 535, "fallback_count": 0, "total_wall_seconds": 283.77940087765455}
RUN_END coarse-qso-a0.0003-q0.0025 failed None
RUN_BEGIN coarse-qso-a0.0003-q0.004
VALIDATION coarse-qso-a0.0003-q0.004 32 6.003082633018494
RUN_FAILURE {"status": "failed", "run_id": "coarse-qso-a0.0003-q0.004", "stage": "coarse", "method": "qso", "steps": 256, "adam_lr": 0.0003, "qso_lr": 0.004, "completed_steps": 56, "exception": "TimeoutError('unchanged 180-second per-step budget exceeded')", "traceback": "Traceback (most recent call last):\n  File \"/home/prignano/qnormuon/cluster/run_lr_study.py\", line 106, in run\n    record=tt.train_step(model,opts,train,config,step)\n  File \"/home/prignano/qnormuon/benchmarks/tiny_transformer.py\", line 293, in train_step\n    synchronize(model);optimizer_start=time.perf_counter();opts.step();synchronize(model)\n  File \"/home/prignano/qnormuon/benchmarks/tiny_transformer.py\", line 211, in step\n    for o in self.all:o.step()\n  File \"/home/prignano/modded-nanogpt/.venv/lib/python3.10/site-packages/torch/optim/optimizer.py\", line 526, in wrapper\n    out = func(*args, **kwargs)\n  File \"/home/prignano/modded-nanogpt/.venv/lib/python3.10/site-packages/torch/utils/_contextlib.py\", line 124, in decorate_context\n    return func(*args, **kwargs)\n  File \"/home/prignano/qnormuon/qnormuon/optimizer.py\", line 134, in step\n    result = solve_coupled(su, sd, objective, config=config,\n  File \"/home/prignano/qnormuon/cluster/run_lr_study.py\", line 79, in observed\n    result=original(u,d,a,**kw)\n  File \"/home/prignano/modded-nanogpt/.venv/lib/python3.10/site-packages/torch/utils/_contextlib.py\", line 124, in decorate_context\n    return func(*args, **kwargs)\n  File \"/home/prignano/qnormuon/qnormuon/coupled_solver.py\", line 464, in solve_coupled\n    result = _solve(u, d, a, config=config, initial_lambda=initial_lambda)\n  File \"/home/prignano/modded-nanogpt/.venv/lib/python3.10/site-packages/torch/utils/_contextlib.py\", line 124, in decorate_context\n    return func(*args, **kwargs)\n  File \"/home/prignano/qnormuon/qnormuon/coupled_solver.py\", line 426, in _solve\n    oracle = _reference(ud, dd, ad, config.reference_max_iterations)\n  File \"/home/prignano/qnormuon/qnormuon/coupled_solver.py\", line 442, in _reference\n    result = reference(u.cpu(), d.cpu(), a.cpu(), max_iterations=max_iterations)\n  File \"/home/prignano/qnormuon/experiments/dual_solver.py\", line 141, in reference\n    r = solve_lmo(u, d, centered, tolerance=tolerance, max_iterations=max_iterations,\n  File \"/home/prignano/modded-nanogpt/.venv/lib/python3.10/site-packages/torch/utils/_contextlib.py\", line 124, in decorate_context\n    return func(*args, **kwargs)\n  File \"/home/prignano/qnormuon/experiments/horizontal_spectral.py\", line 120, in solve_lmo\n    z = ball_project(p + y)\n  File \"/home/prignano/qnormuon/experiments/horizontal_spectral.py\", line 54, in ball_project\n    left, values, right = torch.linalg.svd(p, full_matrices=False)\n  File \"/home/prignano/qnormuon/cluster/run_lr_study.py\", line 40, in timeout\n    raise TimeoutError('unchanged 180-second per-step budget exceeded')\nTimeoutError: unchanged 180-second per-step budget exceeded\n", "active": {"step": 56, "pair": "blocks.0.mlp"}, "evaluations": {"0": 6.998700022697449, "32": 6.003082633018494}, "observed_pairs": 336, "fallback_count": 0, "total_wall_seconds": 241.26722095161676}
RUN_END coarse-qso-a0.0003-q0.004 failed None
RUN_BEGIN refinement-adamw-a0.000141421356237-q0.001
VALIDATION refinement-adamw-a0.000141421356237-q0.001 32 6.1410521268844604
VALIDATION refinement-adamw-a0.000141421356237-q0.001 64 5.96822726726532
VALIDATION refinement-adamw-a0.000141421356237-q0.001 96 5.694916844367981
VALIDATION refinement-adamw-a0.000141421356237-q0.001 128 5.422640919685364
VALIDATION refinement-adamw-a0.000141421356237-q0.001 160 5.256228804588318
VALIDATION refinement-adamw-a0.000141421356237-q0.001 192 5.15105938911438
VALIDATION refinement-adamw-a0.000141421356237-q0.001 224 5.097998857498169
VALIDATION refinement-adamw-a0.000141421356237-q0.001 256 5.066354513168335
RUN_END refinement-adamw-a0.000141421356237-q0.001 passed 5.105137586593628
RUN_BEGIN refinement-adamw-a0.000244948974278-q0.001
VALIDATION refinement-adamw-a0.000244948974278-q0.001 32 6.021792888641357
VALIDATION refinement-adamw-a0.000244948974278-q0.001 64 5.9645233154296875
VALIDATION refinement-adamw-a0.000244948974278-q0.001 96 5.875934839248657
VALIDATION refinement-adamw-a0.000244948974278-q0.001 128 5.591277718544006
VALIDATION refinement-adamw-a0.000244948974278-q0.001 160 5.410686612129211
VALIDATION refinement-adamw-a0.000244948974278-q0.001 192 5.251702070236206
VALIDATION refinement-adamw-a0.000244948974278-q0.001 224 5.163336396217346
VALIDATION refinement-adamw-a0.000244948974278-q0.001 256 5.108949780464172
RUN_END refinement-adamw-a0.000244948974278-q0.001 passed 5.174662748972575
RUN_BEGIN refinement-qso-a0.0003-q0.00122474487139
VALIDATION refinement-qso-a0.0003-q0.00122474487139 32 6.0061328411102295
VALIDATION refinement-qso-a0.0003-q0.00122474487139 64 5.968799352645874
VALIDATION refinement-qso-a0.0003-q0.00122474487139 96 5.878097057342529
VALIDATION refinement-qso-a0.0003-q0.00122474487139 128 5.423673152923584
VALIDATION refinement-qso-a0.0003-q0.00122474487139 160 5.136833190917969
VALIDATION refinement-qso-a0.0003-q0.00122474487139 192 5.00059962272644
VALIDATION refinement-qso-a0.0003-q0.00122474487139 224 4.921648383140564
VALIDATION refinement-qso-a0.0003-q0.00122474487139 256 4.881273865699768
RUN_END refinement-qso-a0.0003-q0.00122474487139 passed 4.934507290522258
RUN_BEGIN refinement-qso-a0.0003-q0.0019364916731
VALIDATION refinement-qso-a0.0003-q0.0019364916731 32 6.005424618721008
VALIDATION refinement-qso-a0.0003-q0.0019364916731 64 5.9618436098098755
RUN_FAILURE {"status": "failed", "run_id": "refinement-qso-a0.0003-q0.0019364916731", "stage": "refinement", "method": "qso", "steps": 256, "adam_lr": 0.0003, "qso_lr": 0.0019364916731037084, "completed_steps": 73, "exception": "TimeoutError('unchanged 180-second per-step budget exceeded')", "traceback": "Traceback (most recent call last):\n  File \"/home/prignano/qnormuon/cluster/run_lr_study.py\", line 106, in run\n    record=tt.train_step(model,opts,train,config,step)\n  File \"/home/prignano/qnormuon/benchmarks/tiny_transformer.py\", line 293, in train_step\n    synchronize(model);optimizer_start=time.perf_counter();opts.step();synchronize(model)\n  File \"/home/prignano/qnormuon/benchmarks/tiny_transformer.py\", line 211, in step\n    for o in self.all:o.step()\n  File \"/home/prignano/modded-nanogpt/.venv/lib/python3.10/site-packages/torch/optim/optimizer.py\", line 526, in wrapper\n    out = func(*args, **kwargs)\n  File \"/home/prignano/modded-nanogpt/.venv/lib/python3.10/site-packages/torch/utils/_contextlib.py\", line 124, in decorate_context\n    return func(*args, **kwargs)\n  File \"/home/prignano/qnormuon/qnormuon/optimizer.py\", line 134, in step\n    result = solve_coupled(su, sd, objective, config=config,\n  File \"/home/prignano/qnormuon/cluster/run_lr_study.py\", line 79, in observed\n    result=original(u,d,a,**kw)\n  File \"/home/prignano/modded-nanogpt/.venv/lib/python3.10/site-packages/torch/utils/_contextlib.py\", line 124, in decorate_context\n    return func(*args, **kwargs)\n  File \"/home/prignano/qnormuon/qnormuon/coupled_solver.py\", line 464, in solve_coupled\n    result = _solve(u, d, a, config=config, initial_lambda=initial_lambda)\n  File \"/home/prignano/modded-nanogpt/.venv/lib/python3.10/site-packages/torch/utils/_contextlib.py\", line 124, in decorate_context\n    return func(*args, **kwargs)\n  File \"/home/prignano/qnormuon/qnormuon/coupled_solver.py\", line 426, in _solve\n    oracle = _reference(ud, dd, ad, config.reference_max_iterations)\n  File \"/home/prignano/qnormuon/qnormuon/coupled_solver.py\", line 442, in _reference\n    result = reference(u.cpu(), d.cpu(), a.cpu(), max_iterations=max_iterations)\n  File \"/home/prignano/qnormuon/experiments/dual_solver.py\", line 141, in reference\n    r = solve_lmo(u, d, centered, tolerance=tolerance, max_iterations=max_iterations,\n  File \"/home/prignano/modded-nanogpt/.venv/lib/python3.10/site-packages/torch/utils/_contextlib.py\", line 124, in decorate_context\n    return func(*args, **kwargs)\n  File \"/home/prignano/qnormuon/experiments/horizontal_spectral.py\", line 120, in solve_lmo\n    z = ball_project(p + y)\n  File \"/home/prignano/qnormuon/experiments/horizontal_spectral.py\", line 54, in ball_project\n    left, values, right = torch.linalg.svd(p, full_matrices=False)\n  File \"/home/prignano/qnormuon/cluster/run_lr_study.py\", line 40, in timeout\n    raise TimeoutError('unchanged 180-second per-step budget exceeded')\nTimeoutError: unchanged 180-second per-step budget exceeded\n", "active": {"step": 73, "pair": "blocks.0.mlp"}, "evaluations": {"0": 6.998700022697449, "32": 6.005424618721008, "64": 5.9618436098098755}, "observed_pairs": 438, "fallback_count": 0, "total_wall_seconds": 260.62011006474495}
RUN_END refinement-qso-a0.0003-q0.0019364916731 failed None
RUN_BEGIN ablation-qso-a0.0002-q0.00122474487139
VALIDATION ablation-qso-a0.0002-q0.00122474487139 32 6.0596911907196045
VALIDATION ablation-qso-a0.0002-q0.00122474487139 64 5.970338702201843
RUN_FAILURE {"status": "failed", "run_id": "ablation-qso-a0.0002-q0.00122474487139", "stage": "ablation", "method": "qso", "steps": 256, "adam_lr": 0.0002, "qso_lr": 0.0012247448713915891, "completed_steps": 81, "exception": "TimeoutError('unchanged 180-second per-step budget exceeded')", "traceback": "Traceback (most recent call last):\n  File \"/home/prignano/qnormuon/cluster/run_lr_study.py\", line 106, in run\n    record=tt.train_step(model,opts,train,config,step)\n  File \"/home/prignano/qnormuon/benchmarks/tiny_transformer.py\", line 293, in train_step\n    synchronize(model);optimizer_start=time.perf_counter();opts.step();synchronize(model)\n  File \"/home/prignano/qnormuon/benchmarks/tiny_transformer.py\", line 211, in step\n    for o in self.all:o.step()\n  File \"/home/prignano/modded-nanogpt/.venv/lib/python3.10/site-packages/torch/optim/optimizer.py\", line 526, in wrapper\n    out = func(*args, **kwargs)\n  File \"/home/prignano/modded-nanogpt/.venv/lib/python3.10/site-packages/torch/utils/_contextlib.py\", line 124, in decorate_context\n    return func(*args, **kwargs)\n  File \"/home/prignano/qnormuon/qnormuon/optimizer.py\", line 134, in step\n    result = solve_coupled(su, sd, objective, config=config,\n  File \"/home/prignano/qnormuon/cluster/run_lr_study.py\", line 79, in observed\n    result=original(u,d,a,**kw)\n  File \"/home/prignano/modded-nanogpt/.venv/lib/python3.10/site-packages/torch/utils/_contextlib.py\", line 124, in decorate_context\n    return func(*args, **kwargs)\n  File \"/home/prignano/qnormuon/qnormuon/coupled_solver.py\", line 464, in solve_coupled\n    result = _solve(u, d, a, config=config, initial_lambda=initial_lambda)\n  File \"/home/prignano/modded-nanogpt/.venv/lib/python3.10/site-packages/torch/utils/_contextlib.py\", line 124, in decorate_context\n    return func(*args, **kwargs)\n  File \"/home/prignano/qnormuon/qnormuon/coupled_solver.py\", line 426, in _solve\n    oracle = _reference(ud, dd, ad, config.reference_max_iterations)\n  File \"/home/prignano/qnormuon/qnormuon/coupled_solver.py\", line 442, in _reference\n    result = reference(u.cpu(), d.cpu(), a.cpu(), max_iterations=max_iterations)\n  File \"/home/prignano/qnormuon/experiments/dual_solver.py\", line 141, in reference\n    r = solve_lmo(u, d, centered, tolerance=tolerance, max_iterations=max_iterations,\n  File \"/home/prignano/modded-nanogpt/.venv/lib/python3.10/site-packages/torch/utils/_contextlib.py\", line 124, in decorate_context\n    return func(*args, **kwargs)\n  File \"/home/prignano/qnormuon/experiments/horizontal_spectral.py\", line 120, in solve_lmo\n    z = ball_project(p + y)\n  File \"/home/prignano/qnormuon/experiments/horizontal_spectral.py\", line 54, in ball_project\n    left, values, right = torch.linalg.svd(p, full_matrices=False)\n  File \"/home/prignano/qnormuon/cluster/run_lr_study.py\", line 40, in timeout\n    raise TimeoutError('unchanged 180-second per-step budget exceeded')\nTimeoutError: unchanged 180-second per-step budget exceeded\n", "active": {"step": 81, "pair": "blocks.0.mlp"}, "evaluations": {"0": 6.998700022697449, "32": 6.0596911907196045, "64": 5.970338702201843}, "observed_pairs": 486, "fallback_count": 0, "total_wall_seconds": 271.15485683083534}
RUN_END ablation-qso-a0.0002-q0.00122474487139 failed None
RUN_BEGIN ablation-qso-a0.0005-q0.00122474487139
VALIDATION ablation-qso-a0.0005-q0.00122474487139 32 6.011755466461182
VALIDATION ablation-qso-a0.0005-q0.00122474487139 64 5.973761677742004
RUN_FAILURE {"status": "failed", "run_id": "ablation-qso-a0.0005-q0.00122474487139", "stage": "ablation", "method": "qso", "steps": 256, "adam_lr": 0.0005, "qso_lr": 0.0012247448713915891, "completed_steps": 83, "exception": "TimeoutError('unchanged 180-second per-step budget exceeded')", "traceback": "Traceback (most recent call last):\n  File \"/home/prignano/qnormuon/cluster/run_lr_study.py\", line 106, in run\n    record=tt.train_step(model,opts,train,config,step)\n  File \"/home/prignano/qnormuon/benchmarks/tiny_transformer.py\", line 293, in train_step\n    synchronize(model);optimizer_start=time.perf_counter();opts.step();synchronize(model)\n  File \"/home/prignano/qnormuon/benchmarks/tiny_transformer.py\", line 211, in step\n    for o in self.all:o.step()\n  File \"/home/prignano/modded-nanogpt/.venv/lib/python3.10/site-packages/torch/optim/optimizer.py\", line 526, in wrapper\n    out = func(*args, **kwargs)\n  File \"/home/prignano/modded-nanogpt/.venv/lib/python3.10/site-packages/torch/utils/_contextlib.py\", line 124, in decorate_context\n    return func(*args, **kwargs)\n  File \"/home/prignano/qnormuon/qnormuon/optimizer.py\", line 134, in step\n    result = solve_coupled(su, sd, objective, config=config,\n  File \"/home/prignano/qnormuon/cluster/run_lr_study.py\", line 79, in observed\n    result=original(u,d,a,**kw)\n  File \"/home/prignano/modded-nanogpt/.venv/lib/python3.10/site-packages/torch/utils/_contextlib.py\", line 124, in decorate_context\n    return func(*args, **kwargs)\n  File \"/home/prignano/qnormuon/qnormuon/coupled_solver.py\", line 464, in solve_coupled\n    result = _solve(u, d, a, config=config, initial_lambda=initial_lambda)\n  File \"/home/prignano/modded-nanogpt/.venv/lib/python3.10/site-packages/torch/utils/_contextlib.py\", line 124, in decorate_context\n    return func(*args, **kwargs)\n  File \"/home/prignano/qnormuon/qnormuon/coupled_solver.py\", line 426, in _solve\n    oracle = _reference(ud, dd, ad, config.reference_max_iterations)\n  File \"/home/prignano/qnormuon/qnormuon/coupled_solver.py\", line 442, in _reference\n    result = reference(u.cpu(), d.cpu(), a.cpu(), max_iterations=max_iterations)\n  File \"/home/prignano/qnormuon/experiments/dual_solver.py\", line 141, in reference\n    r = solve_lmo(u, d, centered, tolerance=tolerance, max_iterations=max_iterations,\n  File \"/home/prignano/modded-nanogpt/.venv/lib/python3.10/site-packages/torch/utils/_contextlib.py\", line 124, in decorate_context\n    return func(*args, **kwargs)\n  File \"/home/prignano/qnormuon/experiments/horizontal_spectral.py\", line 120, in solve_lmo\n    z = ball_project(p + y)\n  File \"/home/prignano/qnormuon/experiments/horizontal_spectral.py\", line 54, in ball_project\n    left, values, right = torch.linalg.svd(p, full_matrices=False)\n  File \"/home/prignano/qnormuon/cluster/run_lr_study.py\", line 40, in timeout\n    raise TimeoutError('unchanged 180-second per-step budget exceeded')\nTimeoutError: unchanged 180-second per-step budget exceeded\n", "active": {"step": 83, "pair": "blocks.0.mlp"}, "evaluations": {"0": 6.998700022697449, "32": 6.011755466461182, "64": 5.973761677742004}, "observed_pairs": 498, "fallback_count": 0, "total_wall_seconds": 270.4534041211009}
RUN_END ablation-qso-a0.0005-q0.00122474487139 failed None
RUN_BEGIN confirmation-adamw-a0.0002-q0.001
VALIDATION confirmation-adamw-a0.0002-q0.001 32 6.219526767730713
VALIDATION confirmation-adamw-a0.0002-q0.001 64 5.951775670051575
VALIDATION confirmation-adamw-a0.0002-q0.001 96 5.773078680038452
VALIDATION confirmation-adamw-a0.0002-q0.001 128 5.424901604652405
VALIDATION confirmation-adamw-a0.0002-q0.001 160 5.158140182495117
VALIDATION confirmation-adamw-a0.0002-q0.001 192 4.97308874130249
VALIDATION confirmation-adamw-a0.0002-q0.001 224 4.839090704917908
VALIDATION confirmation-adamw-a0.0002-q0.001 256 4.761232376098633
VALIDATION confirmation-adamw-a0.0002-q0.001 288 4.691719651222229
VALIDATION confirmation-adamw-a0.0002-q0.001 320 4.638597249984741
VALIDATION confirmation-adamw-a0.0002-q0.001 352 4.602895498275757
VALIDATION confirmation-adamw-a0.0002-q0.001 384 4.574162602424622
VALIDATION confirmation-adamw-a0.0002-q0.001 416 4.549817085266113
VALIDATION confirmation-adamw-a0.0002-q0.001 448 4.532738447189331
VALIDATION confirmation-adamw-a0.0002-q0.001 480 4.5218058824539185
VALIDATION confirmation-adamw-a0.0002-q0.001 512 4.512300729751587
RUN_END confirmation-adamw-a0.0002-q0.001 passed 4.522281686464946
RUN_BEGIN confirmation-qso-a0.0003-q0.00122474487139
VALIDATION confirmation-qso-a0.0003-q0.00122474487139 32 6.1148521900177
VALIDATION confirmation-qso-a0.0003-q0.00122474487139 64 5.973775625228882
RUN_FAILURE {"status": "failed", "run_id": "confirmation-qso-a0.0003-q0.00122474487139", "stage": "confirmation", "method": "qso", "steps": 512, "adam_lr": 0.0003, "qso_lr": 0.0012247448713915891, "completed_steps": 87, "exception": "TimeoutError('unchanged 180-second per-step budget exceeded')", "traceback": "Traceback (most recent call last):\n  File \"/home/prignano/qnormuon/cluster/run_lr_study.py\", line 106, in run\n    record=tt.train_step(model,opts,train,config,step)\n  File \"/home/prignano/qnormuon/benchmarks/tiny_transformer.py\", line 293, in train_step\n    synchronize(model);optimizer_start=time.perf_counter();opts.step();synchronize(model)\n  File \"/home/prignano/qnormuon/benchmarks/tiny_transformer.py\", line 211, in step\n    for o in self.all:o.step()\n  File \"/home/prignano/modded-nanogpt/.venv/lib/python3.10/site-packages/torch/optim/optimizer.py\", line 526, in wrapper\n    out = func(*args, **kwargs)\n  File \"/home/prignano/modded-nanogpt/.venv/lib/python3.10/site-packages/torch/utils/_contextlib.py\", line 124, in decorate_context\n    return func(*args, **kwargs)\n  File \"/home/prignano/qnormuon/qnormuon/optimizer.py\", line 134, in step\n    result = solve_coupled(su, sd, objective, config=config,\n  File \"/home/prignano/qnormuon/cluster/run_lr_study.py\", line 79, in observed\n    result=original(u,d,a,**kw)\n  File \"/home/prignano/modded-nanogpt/.venv/lib/python3.10/site-packages/torch/utils/_contextlib.py\", line 124, in decorate_context\n    return func(*args, **kwargs)\n  File \"/home/prignano/qnormuon/qnormuon/coupled_solver.py\", line 464, in solve_coupled\n    result = _solve(u, d, a, config=config, initial_lambda=initial_lambda)\n  File \"/home/prignano/modded-nanogpt/.venv/lib/python3.10/site-packages/torch/utils/_contextlib.py\", line 124, in decorate_context\n    return func(*args, **kwargs)\n  File \"/home/prignano/qnormuon/qnormuon/coupled_solver.py\", line 426, in _solve\n    oracle = _reference(ud, dd, ad, config.reference_max_iterations)\n  File \"/home/prignano/qnormuon/qnormuon/coupled_solver.py\", line 442, in _reference\n    result = reference(u.cpu(), d.cpu(), a.cpu(), max_iterations=max_iterations)\n  File \"/home/prignano/qnormuon/experiments/dual_solver.py\", line 141, in reference\n    r = solve_lmo(u, d, centered, tolerance=tolerance, max_iterations=max_iterations,\n  File \"/home/prignano/modded-nanogpt/.venv/lib/python3.10/site-packages/torch/utils/_contextlib.py\", line 124, in decorate_context\n    return func(*args, **kwargs)\n  File \"/home/prignano/qnormuon/experiments/horizontal_spectral.py\", line 120, in solve_lmo\n    z = ball_project(p + y)\n  File \"/home/prignano/qnormuon/experiments/horizontal_spectral.py\", line 54, in ball_project\n    left, values, right = torch.linalg.svd(p, full_matrices=False)\n  File \"/home/prignano/qnormuon/cluster/run_lr_study.py\", line 40, in timeout\n    raise TimeoutError('unchanged 180-second per-step budget exceeded')\nTimeoutError: unchanged 180-second per-step budget exceeded\n", "active": {"step": 87, "pair": "blocks.1.mlp"}, "evaluations": {"0": 6.998700022697449, "32": 6.1148521900177, "64": 5.973775625228882}, "observed_pairs": 523, "fallback_count": 0, "total_wall_seconds": 279.0110675022006}
RUN_END confirmation-qso-a0.0003-q0.00122474487139 failed None
STUDY_COMPLETE /home/prignano/qnormuon-runs/lr-stage-d/study-29024
