lagrange0
2026-09-29T11:49:09+02:00
JOB=28922 NODE=lagrange0 CUDA_VISIBLE_DEVICES=0 CPUS=4 MEM=16384 PWD=/home/prignano/qnormuon
Filesystem                  Size  Used Avail Use% Mounted on
10.50.19.60:/lagrange_vol0   14T  2.0T   12T  15% /home
Tue Sep 29 11:49:09 2026       
+-----------------------------------------------------------------------------------------+
| NVIDIA-SMI 570.211.01             Driver Version: 570.211.01     CUDA Version: 12.8     |
|-----------------------------------------+------------------------+----------------------+
| GPU  Name                 Persistence-M | Bus-Id          Disp.A | Volatile Uncorr. ECC |
| Fan  Temp   Perf          Pwr:Usage/Cap |           Memory-Usage | GPU-Util  Compute M. |
|                                         |                        |               MIG M. |
|=========================================+========================+======================|
|   0  NVIDIA H100 NVL                Off |   00000000:01:00.0 Off |                    0 |
| N/A   34C    P0             72W /  400W |       0MiB /  95830MiB |      0%      Default |
|                                         |                        |             Disabled |
+-----------------------------------------+------------------------+----------------------+
                                                                                         
+-----------------------------------------------------------------------------------------+
| Processes:                                                                              |
|  GPU   GI   CI              PID   Type   Process name                        GPU Memory |
|        ID   ID                                                               Usage      |
|=========================================================================================|
|  No running processes found                                                             |
+-----------------------------------------------------------------------------------------+
RUN_BEGIN {"run_id": "smoke-28922-qso-seed2026", "method": "qso", "config": {"model": {"vocab_size": 1024, "width": 384, "layers": 6, "heads": 6, "hidden": 1024, "sequence_length": 128}, "data": {"kind": "token_shards", "train_path": "/home/prignano/parameter-golf/data/datasets/fineweb10B_sp1024/fineweb_train_000000.bin", "validation_path": "/home/prignano/parameter-golf/data/datasets/fineweb10B_sp1024/fineweb_val_000000.bin", "tokenizer_path": "/home/prignano/parameter-golf/data/tokenizers/fineweb_1024_bpe.model", "train_tokens": 1048576, "validation_tokens": 65536, "seed": 2026}, "seed": 2026, "steps": 50, "batch_size": 16, "gradient_accumulation": 1, "evaluation_batches": 4, "evaluation_interval": 10, "warmup_steps": 5, "minimum_lr_fraction": 0.1, "precision": "bf16_autocast_fp32_storage", "tf32": false, "adam_lr": 0.0003, "qso_lr": 0.001, "historical_lr": 0.001, "beta": 0.95, "adam_betas": [0.9, 0.95], "weight_decay": 0.0, "solver": {"dtype": "float64", "tolerance": 3e-05, "rcond_guard": 0.0001, "initial_iterations": 2, "max_iterations": 100, "max_cg": 30, "fallback": true}, "checkpoint_step": 25, "resume_check_steps": 3, "step_timeout_seconds": 180, "fallback_stop_fraction": 0.2, "fallback_stop_minimum_solves": 12, "output_root": "/home/prignano/qnormuon-runs/tiny-transformer"}, "seed": 2026, "python": "3.10.20 (main, Mar 10 2026, 18:16:33) [Clang 21.1.4 ]", "python_executable": "/home/prignano/modded-nanogpt/.venv/bin/python", "torch": "2.10.0+cu128", "numpy": "2.2.6", "cuda_build": "12.8", "gpu": "NVIDIA H100 NVL", "hostname": "lagrange0", "job_id": "28922", "node_list": "lagrange0", "cpus": "4", "memory": "16384", "platform": "Linux-6.8.0-60-generic-x86_64-with-glibc2.39", "parameter_count": 11457408, "initialization_sha256": "0607adc4c9cffa7b902c0956fa7477ea274078fdc31406d84d527b79ca6a2401", "dataset": {"train": {"kind": "token_shard_prefix", "path": "/home/prignano/parameter-golf/data/datasets/fineweb10B_sp1024/fineweb_train_000000.bin", "file_bytes": 200001024, "header_tokens": 100000000, "loaded_tokens": 1048576, "prefix_sha256": "afce8cb11a4012770ee331ad3e3ca931ccc761c7716a680dfe28efc83e525e99"}, "validation": {"kind": "token_shard_prefix", "path": "/home/prignano/parameter-golf/data/datasets/fineweb10B_sp1024/fineweb_val_000000.bin", "file_bytes": 124044716, "header_tokens": 62021846, "loaded_tokens": 65536, "prefix_sha256": "09545e7dae1baab9e2c244bfc5d88103b759a56bc1d3a2aca83cb09b9a45db6a"}}, "model_storage": "float32", "forward_backward": "bfloat16 autocast", "solver_dtype": "float64", "momentum_dtype": "float32", "certificate_dtype": "float64", "tf32": false, "deterministic_algorithms": true, "checkpoint_path": "/home/prignano/qnormuon-runs/tiny-transformer/smoke-28922-qso-seed2026/checkpoint.pt", "output_path": "/home/prignano/qnormuon-runs/tiny-transformer/smoke-28922-qso-seed2026", "source_sha256": {"benchmarks/tiny_transformer.py": "3c6cfd17793b9225df5c3f83992844265231d04f9b47e606611d009adb42a5e2", "qnormuon/optimizer.py": "04a00a4631e1e37b7dfdd29c887fabfd5006fc6df34907f6256fa73a300db720", "qnormuon/coupled_solver.py": "3a475ac98781f72766555a7eb4fb96102c301cad96628523ddba93fc381b35ca", "cluster/run_tiny_smoke.py": "c66cb4a7c331ca580f0f700d1ce95d9d618290b59a9e20f1f9b89d2cb75611e9"}}
STEP_BEGIN qso 0
STEP_END qso 0 7.010502815246582 2.4234518259763718
STEP_BEGIN qso 1
STEP_END qso 1 6.866499900817871 2.246396169066429
STEP_BEGIN qso 2
STEP_END qso 2 6.708050727844238 2.020434156060219
STEP_BEGIN qso 3
STEP_END qso 3 6.620704650878906 1.6809443831443787
STEP_BEGIN qso 4
STEP_END qso 4 6.541109561920166 1.6774932816624641
STEP_BEGIN qso 5
STEP_END qso 5 6.474589824676514 1.593843199312687
STEP_BEGIN qso 6
STEP_END qso 6 6.455824851989746 1.6738922819495201
STEP_BEGIN qso 7
STEP_END qso 7 6.419186592102051 1.6800324320793152
STEP_BEGIN qso 8
STEP_END qso 8 6.344683647155762 1.587407909333706
STEP_BEGIN qso 9
STEP_END qso 9 6.267220973968506 1.5914293825626373
STEP_BEGIN qso 10
STEP_END qso 10 6.257561683654785 1.5923487916588783
STEP_BEGIN qso 11
STEP_END qso 11 6.238110065460205 1.6727950647473335
STEP_BEGIN qso 12
STEP_END qso 12 6.198827743530273 1.5905860513448715
STEP_BEGIN qso 13
STEP_END qso 13 6.134762763977051 1.5952836126089096
STEP_BEGIN qso 14
STEP_END qso 14 6.105208873748779 1.5898970142006874
STEP_BEGIN qso 15
STEP_END qso 15 6.087249755859375 1.5892504751682281
STEP_BEGIN qso 16
STEP_END qso 16 6.0927228927612305 1.5867704302072525
STEP_BEGIN qso 17
STEP_END qso 17 6.094935417175293 1.5918338373303413
STEP_BEGIN qso 18
STEP_END qso 18 6.0602827072143555 1.5892699211835861
STEP_BEGIN qso 19
STEP_END qso 19 6.039327144622803 1.5898014605045319
STEP_BEGIN qso 20
STEP_END qso 20 6.078920364379883 1.5925446450710297
STEP_BEGIN qso 21
STEP_END qso 21 6.006950855255127 1.5878834053874016
STEP_BEGIN qso 22
STEP_END qso 22 6.074388027191162 1.5907207950949669
STEP_BEGIN qso 23
STEP_END qso 23 6.0581254959106445 1.5884456038475037
STEP_BEGIN qso 24
STEP_END qso 24 6.031285285949707 1.5876061618328094
STEP_BEGIN qso 25
STEP_END qso 25 6.118260383605957 1.5899793654680252
STEP_BEGIN qso 26
STEP_END qso 26 6.091643333435059 1.5885294005274773
STEP_BEGIN qso 27
STEP_END qso 27 6.0266218185424805 1.59212676435709
RESUME_CHECK qso {"passed": true, "steps": 3, "max_parameter_error": 0.0, "max_loss_error": 0.0, "max_optimizer_state_error": 0.0, "checkpoint_bytes": 118734531}
STEP_BEGIN qso 28
STEP_END qso 28 6.019684314727783 1.5868806317448616
STEP_BEGIN qso 29
STEP_END qso 29 6.085290431976318 1.6757734343409538
STEP_BEGIN qso 30
STEP_END qso 30 6.0592546463012695 1.5909069776535034
STEP_BEGIN qso 31
STEP_END qso 31 6.074734687805176 1.5829746946692467
STEP_BEGIN qso 32
STEP_END qso 32 6.026758193969727 1.5922646299004555
STEP_BEGIN qso 33
STEP_END qso 33 6.0503621101379395 1.5900215283036232
STEP_BEGIN qso 34
STEP_END qso 34 6.026670455932617 1.5936142727732658
STEP_BEGIN qso 35
STEP_END qso 35 6.031154155731201 1.5895374715328217
STEP_BEGIN qso 36
STEP_END qso 36 6.045671463012695 1.680019050836563
STEP_BEGIN qso 37
STEP_END qso 37 5.9575090408325195 1.6758294999599457
STEP_BEGIN qso 38
STEP_END qso 38 5.967442512512207 1.6767825558781624
STEP_BEGIN qso 39
STEP_END qso 39 6.025773048400879 1.5940495654940605
STEP_BEGIN qso 40
STEP_END qso 40 5.995449066162109 1.6807450130581856
STEP_BEGIN qso 41
STEP_END qso 41 6.031200408935547 1.6828659251332283
STEP_BEGIN qso 42
STEP_END qso 42 6.01137638092041 1.6809160113334656
STEP_BEGIN qso 43
STEP_END qso 43 6.07330322265625 1.6792376562952995
STEP_BEGIN qso 44
STEP_END qso 44 5.999816417694092 1.5903447642922401
STEP_BEGIN qso 45
STEP_END qso 45 6.001659870147705 1.6762140542268753
STEP_BEGIN qso 46
STEP_END qso 46 6.0184006690979 1.6815307885408401
STEP_BEGIN qso 47
STEP_END qso 47 6.0654401779174805 1.5934504494071007
STEP_BEGIN qso 48
STEP_END qso 48 6.0147528648376465 1.5937693268060684
STEP_BEGIN qso 49
STEP_END qso 49 6.025260925292969 1.5945223420858383
RUN_SUMMARY {"status": "passed", "method": "qso", "parameter_count": 11457408, "steps": 50, "tokens": 102400, "initial_validation_loss": 6.998700022697449, "final_validation_loss": 5.984853625297546, "first_training_loss": 7.010502815246582, "last_training_loss": 6.025260925292969, "training_step_seconds": 84.16727294772863, "optimizer_seconds": 82.76324846595526, "optimizer_fraction": 0.9833186411701216, "tokens_per_second": 1216.624899604323, "total_wall_seconds": 90.50584777444601, "peak_cuda_bytes": 725709824, "reserved_cuda_bytes": 778043392, "early_live_bytes": {"mean": 237067878.4, "median": 236779520.0, "p95": 238889779.2, "max": 239073280.0}, "late_live_bytes": {"mean": 236412518.4, "median": 235403264.0, "p95": 239990784.0, "max": 240711680.0}, "solver": {"solves": 300, "fallbacks": 0, "fallback_percent": 0.0, "iteration_bins": {"0": 0, "1": 0, "2": 269, "3+": 31}, "distributions": {"newton_iterations": {"mean": 2.1033333333333335, "median": 2.0, "p95": 3.0, "max": 3.0}, "cg_iterations": {"mean": 4.786666666666667, "median": 5.0, "p95": 6.0, "max": 9.0}, "normalized_gap": {"mean": 5.0865938325743334e-06, "median": 2.273093799946175e-06, "p95": 1.891105387455113e-05, "max": 2.9957532368950462e-05}, "horizontal_residual": {"mean": 1.1264499171400229e-17, "median": 1.0408340855860843e-17, "p95": 1.3877787807814457e-17, "max": 2.0816681711721685e-17}, "spectral_excess": {"mean": 0.0, "median": 0.0, "p95": 0.0, "max": 0.0}, "residual_rcond": {"mean": 0.00540885068368368, "median": 0.004005580232471372, "p95": 0.012415501414039196, "max": 0.012615550587914703}}}, "resume": {"passed": true, "steps": 3, "max_parameter_error": 0.0, "max_loss_error": 0.0, "max_optimizer_state_error": 0.0, "checkpoint_bytes": 118734531}, "early_update_parameter_ratios": {"mean": 0.002992564610581106, "median": 0.0031258905419718984, "p95": 0.003931760265064008, "max": 0.004007706247716329}, "timing_warmup_excluded_steps": 5, "warm_timing": {"step_seconds": {"mean": 1.640592805378967, "median": 1.6165125221014023, "p95": 1.705466704070568, "max": 1.7071302309632301}, "optimizer_seconds": {"mean": 1.6158784144454532, "median": 1.5922646299004555, "p95": 1.6808818116784097, "max": 1.6828659251332283}, "forward_backward_seconds": {"mean": 0.011668528781996833, "median": 0.011393934488296509, "p95": 0.011877335608005524, "max": 0.022314950823783875}, "tokens_per_second": {"mean": 1249.0425044266303, "median": 1266.924921396638, "p95": 1270.60071865471, "max": 1274.1885334452052}, "adam_seconds": {"mean": 0.001569821768336826, "median": 0.0015582442283630371, "p95": 0.0016599386930465697, "max": 0.0017337724566459656}, "pair_solver_seconds": {"mean": 1.6022212109631961, "median": 1.5785767063498497, "p95": 1.6672941491007804, "max": 1.6687849909067154}, "svd_seconds": {"mean": 0.7851668044924736, "median": 0.773558184504509, "p95": 0.8193906933069229, "max": 0.820970706641674}, "svdvals_seconds": {"mean": 0.7557406321167945, "median": 0.74504204839468, "p95": 0.7845464065670967, "max": 0.7879995480179787}, "residual_svd_polar_seconds": {"mean": 0.7920265068610509, "median": 0.7802907079458237, "p95": 0.8265378654003144, "max": 0.8281288519501686}, "cg_seconds": {"mean": 0.01942229883538352, "median": 0.019213736057281494, "p95": 0.02127024084329605, "max": 0.02146909385919571}, "hvp_seconds": {"mean": 0.012639812959565056, "median": 0.012546993792057037, "p95": 0.013912397623062133, "max": 0.014013305306434631}, "certificate_seconds": {"mean": 0.7680184728569455, "median": 0.7570212632417679, "p95": 0.797275348007679, "max": 0.800744391977787}, "cpu_reference_fallback_seconds": {"mean": 0.0, "median": 0.0, "p95": 0.0, "max": 0.0}}, "cold_step": {"step": 0, "loss": 7.010502815246582, "batch_sha256": "b830caba419cd88211e9eab89d0d646f627a6591c98ad651af7b41875e4c884a", "gradient_rms": 0.0016623929741360192, "parameter_rms": 0.027048955609078187, "update_rms": 4.563242495409867e-05, "update_parameter_ratio": 0.0016870309380367901, "optimizer_seconds": 2.4234518259763718, "forward_backward_seconds": 0.14398736506700516, "lr_factor": 0.2, "finite_delta_x_norm": 0.0011682207075154258, "finite_delta_x_relative": 0.0008239729866616261, "step_seconds": 2.6147706508636475, "optimizer_fraction": 0.9268315082150383, "compute_optimizer_fraction": 0.9439179063834068, "tokens": 2048, "tokens_per_second": 783.2426906442271, "cuda_allocated_bytes": 338089984, "cuda_peak_bytes": 463546368, "qso": {"blocks.0.mlp": {"horizontal_residual": 1.0408340855860843e-17, "normalized_horizontal_residual": 3.6050933530535026e-17, "spectral_norms": [0.9999999680105778, 1.0], "spectral_excess": 0.0, "primal_objective": 0.5061761812593251, "dual_objective": 0.5061762965197693, "residual_rcond": 0.007587573962648789, "dual_spectrum_source": "cached_smooth_residual", "signed_gap": 1.152604441889693e-07, "normalized_gap": 2.277081028516073e-07, "signed_normalized_gap": 2.277081028516073e-07, "newton_iterations": 3, "cg_iterations": 6, "svd_evaluations": 16, "reference_iterations": 0, "primal_dual_gap": 1.152604441889693e-07, "absolute_gap": 1.152604441889693e-07, "minimum_smooth_rcond": 0.007585181704077787, "fallback_used": false, "fallback_reason": null, "solver_dtype": "torch.float64", "gap_tolerance": 3e-05, "fallback_backend": null, "certification_dtype": "torch.float64", "returned_direction_dtype": "torch.float64", "secondary_selection": "smooth_primary_unique_in_exact_limit", "converged": true, "extended_initial_budget": true, "model_dtype": "torch.float32", "momentum_dtype": "torch.float32", "canonical_dtype": "torch.float32", "returned_update_dtype": "torch.float32", "pair_name": "blocks.0.mlp"}, "blocks.1.mlp": {"horizontal_residual": 1.0408340855860843e-17, "normalized_horizontal_residual": 3.564010147038765e-17, "spectral_norms": [0.9999999732536365, 1.0], "spectral_excess": 0.0, "primal_objective": 0.3938228099786369, "dual_objective": 0.3938229189281548, "residual_rcond": 0.007886525888999234, "dual_spectrum_source": "cached_smooth_residual", "signed_gap": 1.0894951790740848e-07, "normalized_gap": 2.7664595601477466e-07, "signed_normalized_gap": 2.7664595601477466e-07, "newton_iterations": 3, "cg_iterations": 6, "svd_evaluations": 16, "reference_iterations": 0, "primal_dual_gap": 1.0894951790740848e-07, "absolute_gap": 1.0894951790740848e-07, "minimum_smooth_rcond": 0.007873884825573312, "fallback_used": false, "fallback_reason": null, "solver_dtype": "torch.float64", "gap_tolerance": 3e-05, "fallback_backend": null, "certification_dtype": "torch.float64", "returned_direction_dtype": "torch.float64", "secondary_selection": "smooth_primary_unique_in_exact_limit", "converged": true, "extended_initial_budget": true, "model_dtype": "torch.float32", "momentum_dtype": "torch.float32", "canonical_dtype": "torch.float32", "returned_update_dtype": "torch.float32", "pair_name": "blocks.1.mlp"}, "blocks.2.mlp": {"horizontal_residual": 9.540979117872439e-18, "normalized_horizontal_residual": 3.032272688609245e-17, "spectral_norms": [0.9999999431175791, 1.0], "spectral_excess": 0.0, "primal_objective": 0.3251041340187626, "dual_objective": 0.3251115331337428, "residual_rcond": 0.005906561114643313, "dual_spectrum_source": "cached_smooth_residual", "signed_gap": 7.399114980211063e-06, "normalized_gap": 2.2758697327317673e-05, "signed_normalized_gap": 2.2758697327317673e-05, "newton_iterations": 2, "cg_iterations": 4, "svd_evaluations": 12, "reference_iterations": 0, "primal_dual_gap": 7.399114980211063e-06, "absolute_gap": 7.399114980211063e-06, "minimum_smooth_rcond": 0.005906561114643313, "fallback_used": false, "fallback_reason": null, "solver_dtype": "torch.float64", "gap_tolerance": 3e-05, "fallback_backend": null, "certification_dtype": "torch.float64", "returned_direction_dtype": "torch.float64", "secondary_selection": "smooth_primary_unique_in_exact_limit", "converged": true, "extended_initial_budget": false, "model_dtype": "torch.float32", "momentum_dtype": "torch.float32", "canonical_dtype": "torch.float32", "returned_update_dtype": "torch.float32", "pair_name": "blocks.2.mlp"}, "blocks.3.mlp": {"horizontal_residual": 8.673617379884035e-18, "normalized_horizontal_residual": 2.8041394764204696e-17, "spectral_norms": [1.0, 0.9999999823183492], "spectral_excess": 0.0, "primal_objective": 0.27256335274753174, "dual_objective": 0.27256344429811175, "residual_rcond": 0.004962930136932613, "dual_spectrum_source": "cached_smooth_residual", "signed_gap": 9.155058000587246e-08, "normalized_gap": 3.3588722890418324e-07, "signed_normalized_gap": 3.3588722890418324e-07, "newton_iterations": 3, "cg_iterations": 7, "svd_evaluations": 16, "reference_iterations": 0, "primal_dual_gap": 9.155058000587246e-08, "absolute_gap": 9.155058000587246e-08, "minimum_smooth_rcond": 0.004962710680235781, "fallback_used": false, "fallback_reason": null, "solver_dtype": "torch.float64", "gap_tolerance": 3e-05, "fallback_backend": null, "certification_dtype": "torch.float64", "returned_direction_dtype": "torch.float64", "secondary_selection": "smooth_primary_unique_in_exact_limit", "converged": true, "extended_initial_budget": true, "model_dtype": "torch.float32", "momentum_dtype": "torch.float32", "canonical_dtype": "torch.float32", "returned_update_dtype": "torch.float32", "pair_name": "blocks.3.mlp"}, "blocks.4.mlp": {"horizontal_residual": 9.540979117872439e-18, "normalized_horizontal_residual": 3.112163787766226e-17, "spectral_norms": [1.0, 0.999999899820486], "spectral_excess": 0.0, "primal_objective": 0.2334501326383884, "dual_objective": 0.23345036151856896, "residual_rcond": 0.0031512313807531647, "dual_spectrum_source": "cached_smooth_residual", "signed_gap": 2.2888018055833292e-07, "normalized_gap": 9.80423328837413e-07, "signed_normalized_gap": 9.80423328837413e-07, "newton_iterations": 3, "cg_iterations": 7, "svd_evaluations": 16, "reference_iterations": 0, "primal_dual_gap": 2.2888018055833292e-07, "absolute_gap": 2.2888018055833292e-07, "minimum_smooth_rcond": 0.00315097904496425, "fallback_used": false, "fallback_reason": null, "solver_dtype": "torch.float64", "gap_tolerance": 3e-05, "fallback_backend": null, "certification_dtype": "torch.float64", "returned_direction_dtype": "torch.float64", "secondary_selection": "smooth_primary_unique_in_exact_limit", "converged": true, "extended_initial_budget": true, "model_dtype": "torch.float32", "momentum_dtype": "torch.float32", "canonical_dtype": "torch.float32", "returned_update_dtype": "torch.float32", "pair_name": "blocks.4.mlp"}, "blocks.5.mlp": {"horizontal_residual": 8.673617379884035e-18, "normalized_horizontal_residual": 2.966073074566286e-17, "spectral_norms": [1.0, 0.9999999528662431], "spectral_excess": 0.0, "primal_objective": 0.20356861149913197, "dual_objective": 0.20356876604512805, "residual_rcond": 0.002124021368410898, "dual_spectrum_source": "cached_smooth_residual", "signed_gap": 1.5454599608388797e-07, "normalized_gap": 7.591832435120597e-07, "signed_normalized_gap": 7.591832435120597e-07, "newton_iterations": 3, "cg_iterations": 9, "svd_evaluations": 16, "reference_iterations": 0, "primal_dual_gap": 1.5454599608388797e-07, "absolute_gap": 1.5454599608388797e-07, "minimum_smooth_rcond": 0.00212400185932914, "fallback_used": false, "fallback_reason": null, "solver_dtype": "torch.float64", "gap_tolerance": 3e-05, "fallback_backend": null, "certification_dtype": "torch.float64", "returned_direction_dtype": "torch.float64", "secondary_selection": "smooth_primary_unique_in_exact_limit", "converged": true, "extended_initial_budget": true, "model_dtype": "torch.float32", "momentum_dtype": "torch.float32", "canonical_dtype": "torch.float32", "returned_update_dtype": "torch.float32", "pair_name": "blocks.5.mlp"}}, "timing": {"svd_seconds": 1.1975758895277977, "residual_svd_polar_seconds": 1.243515320122242, "svdvals_seconds": 0.9539090469479561, "certificate_seconds": 0.9694431275129318, "hvp_seconds": 0.017627231776714325, "cg_seconds": 0.030576840043067932, "pair_solver_seconds": 2.3491064831614494, "adam_seconds": 0.03788900375366211}, "solver_aggregate": {"solves": 6, "fallbacks": 0, "fallback_percent": 0.0, "iteration_bins": {"0": 0, "1": 0, "2": 1, "3+": 5}, "distributions": {"newton_iterations": {"mean": 2.8333333333333335, "median": 3.0, "p95": 3.0, "max": 3.0}, "cg_iterations": {"mean": 6.5, "median": 6.5, "p95": 8.5, "max": 9.0}, "normalized_gap": {"mean": 4.223090864572952e-06, "median": 5.475352362081215e-07, "p95": 1.731412882769761e-05, "max": 2.2758697327317673e-05}, "horizontal_residual": {"mean": 9.540979117872439e-18, "median": 9.540979117872439e-18, "p95": 1.0408340855860843e-17, "max": 1.0408340855860843e-17}, "spectral_excess": {"mean": 0.0, "median": 0.0, "p95": 0.0, "max": 0.0}, "residual_rcond": {"mean": 0.005269807308731334, "median": 0.005434745625787963, "p95": 0.007811787907411622, "max": 0.007886525888999234}}}, "fallback_reasons": {}, "cuda_live_after_step_bytes": 239073280, "wall_seconds": 3.0450175628066063}}
