lagrange0
2026-09-30T18:24:30+02:00
JOB=29044 NODE=lagrange0 CUDA_VISIBLE_DEVICES=0 CPUS=4 MEM=16384 PWD=/home/prignano/qnormuon
Filesystem                  Size  Used Avail Use% Mounted on
10.50.19.60:/lagrange_vol0   14T  1.9T   12T  14% /home
Wed Sep 30 18:24:30 2026       
+-----------------------------------------------------------------------------------------+
| NVIDIA-SMI 570.211.01             Driver Version: 570.211.01     CUDA Version: 12.8     |
|-----------------------------------------+------------------------+----------------------+
| GPU  Name                 Persistence-M | Bus-Id          Disp.A | Volatile Uncorr. ECC |
| Fan  Temp   Perf          Pwr:Usage/Cap |           Memory-Usage | GPU-Util  Compute M. |
|                                         |                        |               MIG M. |
|=========================================+========================+======================|
|   0  NVIDIA H100 NVL                Off |   00000000:21:00.0 Off |                    0 |
| N/A   35C    P0             62W /  400W |       0MiB /  95830MiB |      0%      Default |
|                                         |                        |             Disabled |
+-----------------------------------------+------------------------+----------------------+
                                                                                         
+-----------------------------------------------------------------------------------------+
| Processes:                                                                              |
|  GPU   GI   CI              PID   Type   Process name                        GPU Memory |
|        ID   ID                                                               Usage      |
|=========================================================================================|
|  No running processes found                                                             |
+-----------------------------------------------------------------------------------------+
........................................................................ [ 17%]
........................................................................ [ 35%]
........................................................................ [ 53%]
........................................................................ [ 71%]
........................................................................ [ 89%]
...........................................                              [100%]
403 passed in 20.33s
CASE_BEGIN confirmation-qso-a0.0003-q0.00122474487139 initial_validation 6.998700022697449
REPLAY confirmation-qso-a0.0003-q0.00122474487139 0 6.999040603637695
REPLAY confirmation-qso-a0.0003-q0.00122474487139 10 6.60727071762085
REPLAY confirmation-qso-a0.0003-q0.00122474487139 20 6.3858442306518555
REPLAY confirmation-qso-a0.0003-q0.00122474487139 30 6.159446716308594
REPLAY confirmation-qso-a0.0003-q0.00122474487139 40 6.050146102905273
REPLAY confirmation-qso-a0.0003-q0.00122474487139 50 6.08735466003418
REPLAY confirmation-qso-a0.0003-q0.00122474487139 60 6.033941268920898
REPLAY confirmation-qso-a0.0003-q0.00122474487139 70 6.025601387023926
REPLAY confirmation-qso-a0.0003-q0.00122474487139 80 5.958788871765137
FIRST_REFERENCE_REQUEST confirmation-qso-a0.0003-q0.00122474487139 87 blocks.1.mlp ill_conditioned_residual 8.712293147996454e-05 0.03735431746282824
CASE_END confirmation-qso-a0.0003-q0.00122474487139 {'status': 'captured', 'reason': 'ill_conditioned_residual', 'step': 87, 'pair': 'blocks.1.mlp', 'failing_step_uncommitted': True, 'matched_original_losses': True}
CAPTURE_COMPLETE /home/prignano/qnormuon-runs/stage-d-forensics/capture-29044
