lagrange0
2026-09-29T12:35:39+02:00
JOB=28927 NODE=lagrange0 CUDA_VISIBLE_DEVICES=0 CPUS=4 MEM=16384 PWD=/home/prignano/qnormuon
Filesystem                  Size  Used Avail Use% Mounted on
10.50.19.60:/lagrange_vol0   14T  2.0T   12T  15% /home
Tue Sep 29 12:35:39 2026       
+-----------------------------------------------------------------------------------------+
| NVIDIA-SMI 570.211.01             Driver Version: 570.211.01     CUDA Version: 12.8     |
|-----------------------------------------+------------------------+----------------------+
| GPU  Name                 Persistence-M | Bus-Id          Disp.A | Volatile Uncorr. ECC |
| Fan  Temp   Perf          Pwr:Usage/Cap |           Memory-Usage | GPU-Util  Compute M. |
|                                         |                        |               MIG M. |
|=========================================+========================+======================|
|   0  NVIDIA H100 NVL                Off |   00000000:01:00.0 Off |                    0 |
| N/A   36C    P0             64W /  400W |       0MiB /  95830MiB |      0%      Default |
|                                         |                        |             Disabled |
+-----------------------------------------+------------------------+----------------------+
                                                                                         
+-----------------------------------------------------------------------------------------+
| Processes:                                                                              |
|  GPU   GI   CI              PID   Type   Process name                        GPU Memory |
|        ID   ID                                                               Usage      |
|=========================================================================================|
|  No running processes found                                                             |
+-----------------------------------------------------------------------------------------+
RESULT_PATH cluster/primal_norm_study-28927.json
COUNTS {'adversarial': 41, 'real': 460, 'edge': 15}
ADVERSARIAL_MIN_SLACK 1.9903695757495947e-170
REAL_MAX_GAP_DELTA 1.99268409127614e-10
REAL_DECISION_MISMATCH 0
EDGE_DECISION_MISMATCH 3
TIMINGS {"svdvals": {"per_pair": [{"median": 0.04117957502603531, "p95": 0.04119785875082016}, {"median": 0.03949669748544693, "p95": 0.03951713442802429}, {"median": 0.04053314030170441, "p95": 0.040571168065071106}, {"median": 0.04087787866592407, "p95": 0.04089523106813431}, {"median": 0.040584780275821686, "p95": 0.04060020297765732}, {"median": 0.040726564824581146, "p95": 0.040745072066783905}], "six_pair_median_sum": 0.24339863657951355, "six_pair_p95_sum": 0.2435266673564911}, "gram_raw": {"per_pair": [{"median": 0.007328040897846222, "p95": 0.007338345050811768}, {"median": 0.007342047989368439, "p95": 0.007343970239162445}, {"median": 0.007332555949687958, "p95": 0.007352448999881744}, {"median": 0.007319420576095581, "p95": 0.007323175668716431}, {"median": 0.007317975163459778, "p95": 0.00732722133398056}, {"median": 0.007313527166843414, "p95": 0.007314145565032959}], "six_pair_median_sum": 0.04395356774330139, "six_pair_p95_sum": 0.04399930685758591}, "gram_upper": {"per_pair": [{"median": 0.008412465453147888, "p95": 0.008441410958766937}, {"median": 0.008411139249801636, "p95": 0.008458450436592102}, {"median": 0.00839463621377945, "p95": 0.008429624140262604}, {"median": 0.008378542959690094, "p95": 0.00842025876045227}, {"median": 0.008385427296161652, "p95": 0.008401267230510712}, {"median": 0.0083770751953125, "p95": 0.008415445685386658}], "six_pair_median_sum": 0.05035928636789322, "six_pair_p95_sum": 0.05056645721197128}}
