lagrange0
2026-09-30T13:26:38+02:00
JOB=28988 NODE=lagrange0 CUDA_VISIBLE_DEVICES=0 CPUS=4 MEM=16384 PWD=/home/prignano/qnormuon
Filesystem                  Size  Used Avail Use% Mounted on
10.50.19.60:/lagrange_vol0   14T  1.9T   12T  14% /home
Wed Sep 30 13:26:38 2026       
+-----------------------------------------------------------------------------------------+
| NVIDIA-SMI 570.211.01             Driver Version: 570.211.01     CUDA Version: 12.8     |
|-----------------------------------------+------------------------+----------------------+
| GPU  Name                 Persistence-M | Bus-Id          Disp.A | Volatile Uncorr. ECC |
| Fan  Temp   Perf          Pwr:Usage/Cap |           Memory-Usage | GPU-Util  Compute M. |
|                                         |                        |               MIG M. |
|=========================================+========================+======================|
|   0  NVIDIA H100 NVL                Off |   00000000:21:00.0 Off |                    0 |
| N/A   44C    P0             97W /  400W |       0MiB /  95830MiB |      0%      Default |
|                                         |                        |             Disabled |
+-----------------------------------------+------------------------+----------------------+
                                                                                         
+-----------------------------------------------------------------------------------------+
| Processes:                                                                              |
|  GPU   GI   CI              PID   Type   Process name                        GPU Memory |
|        ID   ID                                                               Usage      |
|=========================================================================================|
|  No running processes found                                                             |
+-----------------------------------------------------------------------------------------+
HOST=lagrange0 DATE=2026-09-30T13:26:38+02:00 JOB=28988 GPU=0 PYTHON=/home/prignano/modded-nanogpt/.venv/bin/python
Wed Sep 30 13:26:38 2026       
+-----------------------------------------------------------------------------------------+
| NVIDIA-SMI 570.211.01             Driver Version: 570.211.01     CUDA Version: 12.8     |
|-----------------------------------------+------------------------+----------------------+
| GPU  Name                 Persistence-M | Bus-Id          Disp.A | Volatile Uncorr. ECC |
| Fan  Temp   Perf          Pwr:Usage/Cap |           Memory-Usage | GPU-Util  Compute M. |
|                                         |                        |               MIG M. |
|=========================================+========================+======================|
|   0  NVIDIA H100 NVL                Off |   00000000:21:00.0 Off |                    0 |
| N/A   44C    P0             97W /  400W |       0MiB /  95830MiB |      0%      Default |
|                                         |                        |             Disabled |
+-----------------------------------------+------------------------+----------------------+
                                                                                         
+-----------------------------------------------------------------------------------------+
| Processes:                                                                              |
|  GPU   GI   CI              PID   Type   Process name                        GPU Memory |
|        ID   ID                                                               Usage      |
|=========================================================================================|
|  No running processes found                                                             |
+-----------------------------------------------------------------------------------------+
........................................................................ [ 20%]
........................................................................ [ 41%]
........................................................................ [ 61%]
........................................................................ [ 82%]
.............................................................            [100%]
349 passed in 18.42s
