lagrange0
2026-09-29T12:28:45+02:00
JOB=28925 NODE=lagrange0 CUDA_VISIBLE_DEVICES=0 CPUS=4 MEM=16384 PWD=/home/prignano/qnormuon
Filesystem                  Size  Used Avail Use% Mounted on
10.50.19.60:/lagrange_vol0   14T  2.0T   12T  15% /home
Tue Sep 29 12:28:45 2026       
+-----------------------------------------------------------------------------------------+
| NVIDIA-SMI 570.211.01             Driver Version: 570.211.01     CUDA Version: 12.8     |
|-----------------------------------------+------------------------+----------------------+
| GPU  Name                 Persistence-M | Bus-Id          Disp.A | Volatile Uncorr. ECC |
| Fan  Temp   Perf          Pwr:Usage/Cap |           Memory-Usage | GPU-Util  Compute M. |
|                                         |                        |               MIG M. |
|=========================================+========================+======================|
|   0  NVIDIA H100 NVL                Off |   00000000:01:00.0 Off |                    0 |
| N/A   32C    P0             63W /  400W |       0MiB /  95830MiB |      0%      Default |
|                                         |                        |             Disabled |
+-----------------------------------------+------------------------+----------------------+
                                                                                         
+-----------------------------------------------------------------------------------------+
| Processes:                                                                              |
|  GPU   GI   CI              PID   Type   Process name                        GPU Memory |
|        ID   ID                                                               Usage      |
|=========================================================================================|
|  No running processes found                                                             |
+-----------------------------------------------------------------------------------------+
RESULT_PATH cluster/primal_norm_study-28925.json
COUNTS {'adversarial': 42, 'real': 54, 'edge': 15}
ADVERSARIAL_MIN_SLACK 9.520512215136116e-74
REAL_MAX_GAP_DELTA 5.096158566652759e-10
REAL_DECISION_MISMATCH 0
EDGE_DECISION_MISMATCH 3
TIMINGS {"svdvals": {"per_pair": [{"median": 0.04115975648164749, "p95": 0.04121541231870651}, {"median": 0.03949553519487381, "p95": 0.044170744717121124}, {"median": 0.04052520543336868, "p95": 0.040561772882938385}, {"median": 0.0408594012260437, "p95": 0.040944650769233704}, {"median": 0.04057282954454422, "p95": 0.04061194509267807}, {"median": 0.040717191994190216, "p95": 0.04076897352933884}], "six_pair_median_sum": 0.24332991987466812, "six_pair_p95_sum": 0.24827349931001663}, "gram_raw": {"per_pair": [{"median": 0.0073186904191970825, "p95": 0.00733550637960434}, {"median": 0.007333092391490936, "p95": 0.007339648902416229}, {"median": 0.007315650582313538, "p95": 0.007326088845729828}, {"median": 0.0073091015219688416, "p95": 0.007325448095798492}, {"median": 0.007306694984436035, "p95": 0.007313825190067291}, {"median": 0.007298603653907776, "p95": 0.007316917181015015}], "six_pair_median_sum": 0.04388183355331421, "six_pair_p95_sum": 0.043957434594631195}, "gram_upper": {"per_pair": [{"median": 0.008168347179889679, "p95": 0.008195735514163971}, {"median": 0.00817214697599411, "p95": 0.00819244235754013}, {"median": 0.008158072829246521, "p95": 0.008174806833267212}, {"median": 0.008155576884746552, "p95": 0.008163794875144958}, {"median": 0.008159950375556946, "p95": 0.0081728994846344}, {"median": 0.008135095238685608, "p95": 0.008157826960086823}], "six_pair_median_sum": 0.048949189484119415, "six_pair_p95_sum": 0.049057506024837494}}
