lagrange0
2026-09-29T16:37:13+02:00
JOB=28959 NODE=lagrange0 CUDA_VISIBLE_DEVICES=0 CPUS=4 MEM=16384 PWD=/home/prignano/qnormuon
Filesystem                  Size  Used Avail Use% Mounted on
10.50.19.60:/lagrange_vol0   14T  2.0T   12T  14% /home
Tue Sep 29 16:37:13 2026       
+-----------------------------------------------------------------------------------------+
| NVIDIA-SMI 570.211.01             Driver Version: 570.211.01     CUDA Version: 12.8     |
|-----------------------------------------+------------------------+----------------------+
| GPU  Name                 Persistence-M | Bus-Id          Disp.A | Volatile Uncorr. ECC |
| Fan  Temp   Perf          Pwr:Usage/Cap |           Memory-Usage | GPU-Util  Compute M. |
|                                         |                        |               MIG M. |
|=========================================+========================+======================|
|   0  NVIDIA H100 NVL                Off |   00000000:21:00.0 Off |                    0 |
| N/A   35C    P0             62W /  400W |       0MiB /  95830MiB |      0%      Default |
|                                         |                        |             Disabled |
+-----------------------------------------+------------------------+----------------------+
                                                                                         
+-----------------------------------------------------------------------------------------+
| Processes:                                                                              |
|  GPU   GI   CI              PID   Type   Process name                        GPU Memory |
|        ID   ID                                                               Usage      |
|=========================================================================================|
|  No running processes found                                                             |
+-----------------------------------------------------------------------------------------+
RESULT {"path": "cluster/smooth_gram_adversarial-28959.json", "cases": 95, "accepted": 80, "reasons": {"negative_eigenvalue_roundoff": 6, "posterior_passed_research_only": 80, "rcond_lower_not_above_guard": 9}, "guard_violations": 0, "newton_mismatches": 0, "performance": {"svd": {"median": 0.04335679113864899, "p95": 0.0433754026889801, "values": [0.04335679113864899, 0.043296508491039276, 0.043250590562820435, 0.04336877167224884, 0.0433754026889801]}, "raw_gram": {"median": 0.007726594805717468, "p95": 0.007731199264526367, "values": [0.007731199264526367, 0.007727101445198059, 0.007726594805717468, 0.007713332772254944, 0.007726393640041351]}, "validated": {"median": 0.010593309998512268, "p95": 0.010604433715343475, "values": [0.010588571429252625, 0.010604433715343475, 0.010593309998512268, 0.010603636503219604, 0.01058119535446167]}}}
