lagrange0
2026-09-30T12:43:18+02:00
JOB=28985 NODE=lagrange0 CUDA_VISIBLE_DEVICES=0 CPUS=4 MEM=16384 PWD=/home/prignano/qnormuon
Filesystem                  Size  Used Avail Use% Mounted on
10.50.19.60:/lagrange_vol0   14T  1.9T   12T  14% /home
Wed Sep 30 12:43:18 2026       
+-----------------------------------------------------------------------------------------+
| NVIDIA-SMI 570.211.01             Driver Version: 570.211.01     CUDA Version: 12.8     |
|-----------------------------------------+------------------------+----------------------+
| GPU  Name                 Persistence-M | Bus-Id          Disp.A | Volatile Uncorr. ECC |
| Fan  Temp   Perf          Pwr:Usage/Cap |           Memory-Usage | GPU-Util  Compute M. |
|                                         |                        |               MIG M. |
|=========================================+========================+======================|
|   0  NVIDIA H100 NVL                Off |   00000000:21:00.0 Off |                    0 |
| N/A   34C    P0             62W /  400W |       0MiB /  95830MiB |      0%      Default |
|                                         |                        |             Disabled |
+-----------------------------------------+------------------------+----------------------+
                                                                                         
+-----------------------------------------------------------------------------------------+
| Processes:                                                                              |
|  GPU   GI   CI              PID   Type   Process name                        GPU Memory |
|        ID   ID                                                               Usage      |
|=========================================================================================|
|  No running processes found                                                             |
+-----------------------------------------------------------------------------------------+
HOST=lagrange0 DATE=2026-09-30T12:43:18+02:00 JOB=28985 GPU=0 PYTHON=/home/prignano/modded-nanogpt/.venv/bin/python
Wed Sep 30 12:43:18 2026       
+-----------------------------------------------------------------------------------------+
| NVIDIA-SMI 570.211.01             Driver Version: 570.211.01     CUDA Version: 12.8     |
|-----------------------------------------+------------------------+----------------------+
| GPU  Name                 Persistence-M | Bus-Id          Disp.A | Volatile Uncorr. ECC |
| Fan  Temp   Perf          Pwr:Usage/Cap |           Memory-Usage | GPU-Util  Compute M. |
|                                         |                        |               MIG M. |
|=========================================+========================+======================|
|   0  NVIDIA H100 NVL                Off |   00000000:21:00.0 Off |                    0 |
| N/A   34C    P0             62W /  400W |       0MiB /  95830MiB |      0%      Default |
|                                         |                        |             Disabled |
+-----------------------------------------+------------------------+----------------------+
                                                                                         
+-----------------------------------------------------------------------------------------+
| Processes:                                                                              |
|  GPU   GI   CI              PID   Type   Process name                        GPU Memory |
|        ID   ID                                                               Usage      |
|=========================================================================================|
|  No running processes found                                                             |
+-----------------------------------------------------------------------------------------+
........................................................................ [ 21%]
........................................................................ [ 42%]
........................................................................ [ 63%]
........................................................................ [ 85%]
..................................................                       [100%]
338 passed in 14.92s
RESULT {"path": "cluster/smooth_qdwh_decisions-28985.json", "totals": {"evaluations": 931, "factor_pass": 931, "value_violations": 0, "gradient_violations": 0, "polar_bound_violations": 0, "hvps": 1436, "hvp_violations": 0, "curvature_certified": 1436, "curvature_unsafe": 0, "cg": 631, "cg_certified": 630, "armijo": 631, "armijo_certified": 397, "armijo_unsafe": 0, "certificates": 931, "certificate_certified": 300, "certificate_unsafe": 0, "svd_fallbacks": 865, "qdwh_controlled": 66}, "times": {"qdwh_kernel": 23.504205465316772, "factor_posterior": 1.6307581514120102, "derivative_posterior": 8.326202720403671, "certificate_posterior": 8.521710179746151, "cg_decision_including_derivative": 5.467559598386288, "svd_controlled_evaluation": 40.57198414206505}, "near_guard": [{"evaluations": 8, "factor_pass": 8, "value_violations": 0, "gradient_violations": 0, "polar_bound_violations": 0, "hvps": 50, "hvp_violations": 0, "curvature_certified": 50, "curvature_unsafe": 0, "cg": 3, "cg_certified": 2, "cg_reasons": {"qdwh_cg_uncertain": 1, "qdwh_cg_descent_certified": 2}, "max_direction_difference": 8.671877559238465e-06, "max_direction_bound": 74.58012811191358, "armijo": 7, "armijo_certified": 7, "armijo_unsafe": 0, "armijo_reasons": {"reject": 4, "accept": 3}, "certificates": 4, "certificate_certified": 0, "certificate_unsafe": 0, "certificate_reasons": {"qdwh_certificate_ambiguous": 4}, "svd_fallbacks": 4, "qdwh_controlled": 4, "fallback_reasons": {"qdwh_cg_uncertain": 1, "qdwh_certificate_ambiguous": 4}, "times": {"svd_controlled_evaluation": 0.022750839591026306, "qdwh_kernel": 0.04830586910247803, "factor_posterior": 0.011813364923000336, "certificate_posterior": 0.005922682583332062, "derivative_posterior": 0.21777349710464478, "cg_decision_including_derivative": 0.1242690160870552}, "min_rcond_lower": 0.00010099999905336803}, {"evaluations": 14, "factor_pass": 14, "value_violations": 0, "gradient_violations": 0, "polar_bound_violations": 0, "hvps": 68, "hvp_violations": 0, "curvature_certified": 68, "curvature_unsafe": 0, "cg": 3, "cg_certified": 3, "cg_reasons": {"qdwh_cg_descent_certified": 3}, "max_direction_difference": 1.1451373367407529e-05, "max_direction_bound": 19.92542918007604, "armijo": 13, "armijo_certified": 13, "armijo_unsafe": 0, "armijo_reasons": {"reject": 10, "accept": 3}, "certificates": 4, "certificate_certified": 0, "certificate_unsafe": 0, "certificate_reasons": {"qdwh_certificate_ambiguous": 4}, "svd_fallbacks": 4, "qdwh_controlled": 10, "fallback_reasons": {"qdwh_certificate_ambiguous": 4}, "times": {"svd_controlled_evaluation": 0.025550611317157745, "qdwh_kernel": 0.0725526288151741, "factor_posterior": 0.020566843450069427, "certificate_posterior": 0.006109781563282013, "derivative_posterior": 0.297176755964756, "cg_decision_including_derivative": 0.1694631204009056}, "min_rcond_lower": 0.00010199999905153727}, {"evaluations": 6, "factor_pass": 6, "value_violations": 0, "gradient_violations": 0, "polar_bound_violations": 0, "hvps": 45, "hvp_violations": 0, "curvature_certified": 45, "curvature_unsafe": 0, "cg": 3, "cg_certified": 2, "cg_reasons": {"qdwh_cg_uncertain": 1, "qdwh_cg_descent_certified": 2}, "max_direction_difference": 0.0018909252043011345, "max_direction_bound": 90.37937596220503, "armijo": 5, "armijo_certified": 5, "armijo_unsafe": 0, "armijo_reasons": {"accept": 3, "reject": 2}, "certificates": 4, "certificate_certified": 0, "certificate_unsafe": 0, "certificate_reasons": {"qdwh_certificate_ambiguous": 4}, "svd_fallbacks": 4, "qdwh_controlled": 2, "fallback_reasons": {"qdwh_cg_uncertain": 1, "qdwh_certificate_ambiguous": 4}, "times": {"svd_controlled_evaluation": 0.010589942336082458, "qdwh_kernel": 0.03128226101398468, "factor_posterior": 0.008714117109775543, "certificate_posterior": 0.005880191922187805, "derivative_posterior": 0.19674180448055267, "cg_decision_including_derivative": 0.11234056949615479}, "min_rcond_lower": 0.00010499999905324644}, {"evaluations": 8, "factor_pass": 8, "value_violations": 0, "gradient_violations": 0, "polar_bound_violations": 0, "hvps": 45, "hvp_violations": 0, "curvature_certified": 45, "curvature_unsafe": 0, "cg": 3, "cg_certified": 3, "cg_reasons": {"qdwh_cg_descent_certified": 3}, "max_direction_difference": 7.328607474107813e-05, "max_direction_bound": 105.84567754306933, "armijo": 7, "armijo_certified": 7, "armijo_unsafe": 0, "armijo_reasons": {"reject": 4, "accept": 3}, "certificates": 4, "certificate_certified": 0, "certificate_unsafe": 0, "certificate_reasons": {"qdwh_certificate_ambiguous": 4}, "svd_fallbacks": 4, "qdwh_controlled": 4, "fallback_reasons": {"qdwh_certificate_ambiguous": 4}, "times": {"svd_controlled_evaluation": 0.013737574219703674, "qdwh_kernel": 0.04164774715900421, "factor_posterior": 0.011791907250881195, "certificate_posterior": 0.005918249487876892, "derivative_posterior": 0.1992173194885254, "cg_decision_including_derivative": 0.11486545205116272}, "min_rcond_lower": 0.00010999999905259302}, {"evaluations": 6, "factor_pass": 6, "value_violations": 0, "gradient_violations": 0, "polar_bound_violations": 0, "hvps": 51, "hvp_violations": 0, "curvature_certified": 51, "curvature_unsafe": 0, "cg": 3, "cg_certified": 2, "cg_reasons": {"qdwh_cg_uncertain": 1, "qdwh_cg_descent_certified": 2}, "max_direction_difference": 4.4633972657502004e-05, "max_direction_bound": 45.42554795972834, "armijo": 5, "armijo_certified": 5, "armijo_unsafe": 0, "armijo_reasons": {"accept": 3, "reject": 2}, "certificates": 4, "certificate_certified": 0, "certificate_unsafe": 0, "certificate_reasons": {"qdwh_certificate_ambiguous": 4}, "svd_fallbacks": 4, "qdwh_controlled": 2, "fallback_reasons": {"qdwh_cg_uncertain": 1, "qdwh_certificate_ambiguous": 4}, "times": {"svd_controlled_evaluation": 0.01038120687007904, "qdwh_kernel": 0.03126933425664902, "factor_posterior": 0.008832976222038269, "certificate_posterior": 0.005908414721488953, "derivative_posterior": 0.2225755900144577, "cg_decision_including_derivative": 0.12691475450992584}, "min_rcond_lower": 0.00011999999905033764}, {"evaluations": 4, "factor_pass": 4, "value_violations": 0, "gradient_violations": 0, "polar_bound_violations": 0, "hvps": 56, "hvp_violations": 0, "curvature_certified": 56, "curvature_unsafe": 0, "cg": 3, "cg_certified": 3, "cg_reasons": {"qdwh_cg_descent_certified": 3}, "max_direction_difference": 2.0807005660434304e-09, "max_direction_bound": 4.296822295772345, "armijo": 3, "armijo_certified": 3, "armijo_unsafe": 0, "armijo_reasons": {"accept": 3}, "certificates": 4, "certificate_certified": 0, "certificate_unsafe": 0, "certificate_reasons": {"qdwh_certificate_ambiguous": 4}, "svd_fallbacks": 4, "qdwh_controlled": 0, "fallback_reasons": {"qdwh_certificate_ambiguous": 4}, "times": {"svd_controlled_evaluation": 0.007217049598693848, "qdwh_kernel": 0.02113404870033264, "factor_posterior": 0.005921453237533569, "certificate_posterior": 0.00588623434305191, "derivative_posterior": 0.2455996721982956, "cg_decision_including_derivative": 0.1406080350279808}, "min_rcond_lower": 0.00014999999904943885}, {"evaluations": 4, "factor_pass": 4, "value_violations": 0, "gradient_violations": 0, "polar_bound_violations": 0, "hvps": 37, "hvp_violations": 0, "curvature_certified": 37, "curvature_unsafe": 0, "cg": 3, "cg_certified": 3, "cg_reasons": {"qdwh_cg_descent_certified": 3}, "max_direction_difference": 2.35081777649853e-05, "max_direction_bound": 101.14380395169655, "armijo": 3, "armijo_certified": 3, "armijo_unsafe": 0, "armijo_reasons": {"accept": 3}, "certificates": 4, "certificate_certified": 0, "certificate_unsafe": 0, "certificate_reasons": {"qdwh_certificate_ambiguous": 4}, "svd_fallbacks": 4, "qdwh_controlled": 0, "fallback_reasons": {"qdwh_certificate_ambiguous": 4}, "times": {"svd_controlled_evaluation": 0.00698506087064743, "qdwh_kernel": 0.020903170108795166, "factor_posterior": 0.00585966557264328, "certificate_posterior": 0.0059143900871276855, "derivative_posterior": 0.16491802036762238, "cg_decision_including_derivative": 0.09589701890945435}, "min_rcond_lower": 0.00019999999905088336}, {"evaluations": 4, "factor_pass": 4, "value_violations": 0, "gradient_violations": 0, "polar_bound_violations": 0, "hvps": 30, "hvp_violations": 0, "curvature_certified": 30, "curvature_unsafe": 0, "cg": 3, "cg_certified": 3, "cg_reasons": {"qdwh_cg_descent_certified": 3}, "max_direction_difference": 3.462236919690404e-13, "max_direction_bound": 87.46938057238094, "armijo": 3, "armijo_certified": 3, "armijo_unsafe": 0, "armijo_reasons": {"accept": 3}, "certificates": 4, "certificate_certified": 0, "certificate_unsafe": 0, "certificate_reasons": {"qdwh_certificate_ambiguous": 4}, "svd_fallbacks": 4, "qdwh_controlled": 0, "fallback_reasons": {"qdwh_certificate_ambiguous": 4}, "times": {"svd_controlled_evaluation": 0.0070864856243133545, "qdwh_kernel": 0.020951755344867706, "factor_posterior": 0.005889400839805603, "certificate_posterior": 0.005878038704395294, "derivative_posterior": 0.1346450075507164, "cg_decision_including_derivative": 0.07898261398077011}, "min_rcond_lower": 0.0002999999990515832}], "elapsed_seconds": 104.31727442890406}
