lagrange0
2026-09-30T13:38:46+02:00
JOB=28992 NODE=lagrange0 CUDA_VISIBLE_DEVICES=0 CPUS=4 MEM=16384 PWD=/home/prignano/qnormuon
Filesystem                  Size  Used Avail Use% Mounted on
10.50.19.60:/lagrange_vol0   14T  1.9T   12T  14% /home
Wed Sep 30 13:38:46 2026       
+-----------------------------------------------------------------------------------------+
| NVIDIA-SMI 570.211.01             Driver Version: 570.211.01     CUDA Version: 12.8     |
|-----------------------------------------+------------------------+----------------------+
| GPU  Name                 Persistence-M | Bus-Id          Disp.A | Volatile Uncorr. ECC |
| Fan  Temp   Perf          Pwr:Usage/Cap |           Memory-Usage | GPU-Util  Compute M. |
|                                         |                        |               MIG M. |
|=========================================+========================+======================|
|   0  NVIDIA H100 NVL                Off |   00000000:21:00.0 Off |                    0 |
| N/A   38C    P0             62W /  400W |       0MiB /  95830MiB |      0%      Default |
|                                         |                        |             Disabled |
+-----------------------------------------+------------------------+----------------------+
                                                                                         
+-----------------------------------------------------------------------------------------+
| Processes:                                                                              |
|  GPU   GI   CI              PID   Type   Process name                        GPU Memory |
|        ID   ID                                                               Usage      |
|=========================================================================================|
|  No running processes found                                                             |
+-----------------------------------------------------------------------------------------+
............                                                             [100%]
12 passed in 6.13s
STEP 0 qdwh_certified 6 qdwh_seconds 5.104 svd_fallbacks 10
STEP 1 qdwh_certified 6 qdwh_seconds 5.386 svd_fallbacks 12
STEP 2 qdwh_certified 6 qdwh_seconds 4.651 svd_fallbacks 11
RESULT {"path": "cluster/smooth_qdwh_one_sided-28992.json", "summary": {"solves": 18, "certified": 18, "unsafe": 0, "qdwh_evaluations": 438, "svd_evaluations": 33, "oracle_svd": 70, "line_trials": 420, "qdwh_seconds": 15.140668377280235, "oracle_seconds": 3.806446872651577, "fallbacks": {"qdwh_line_search_exhausted": 16, "full_svd_solver_rescue": 16, "qdwh_cg_uncertain": 1}, "actions": {"certificate_qdwh_continue": 52, "armijo_qdwh_accept": 36, "armijo_qdwh_ambiguous": 384, "certificate_qdwh_accept": 2}, "action_audit": {"hvp_queries": 168, "curvature_actions": 116, "descent_actions": 51, "armijo_actions": 36, "oracle_svd_evaluations": 54}, "timing": {"qdwh_decomposition": 11.170423328876495, "factor_posterior": 0.7663243785500526, "certificate": 0.512703150510788, "derivative_posterior": 0.4103066772222519, "full_svd_solver_rescue": 1.8977504894137383, "full_svd_fallback": 0.043857231736183167}, "newton_bins": {"0": 0, "1": 0, "2": 18, "3+": 0}}, "near_guard": [{"ratio": 0.000101, "converged": true, "reason": "certified_gap", "qdwh_evaluations": 16, "svd_evaluations": 1, "newton": 9, "line_trials": 15, "fallbacks": {"qdwh_cg_uncertain": 1}, "oracle_converged": true, "oracle_newton": 9, "unsafe": false, "certified": true, "independent_gap": 3.5809572996459697e-06, "independent_rcond": 0.008220056251015852, "independent_horizontal": 3.925231146709437e-17, "independent_spectral_excess": 0.0, "direction_recovery_difference": 1.4293613024352468e-16}, {"ratio": 0.000102, "converged": false, "reason": "newton_budget_exhausted", "qdwh_evaluations": 60, "svd_evaluations": 136, "newton": 12, "line_trials": 59, "fallbacks": {"qdwh_rcond_uncertain": 9, "full_svd_solver_rescue": 1}, "oracle_converged": false, "oracle_newton": 12, "unsafe": false, "certified": false}, {"ratio": 0.000105, "converged": true, "reason": "certified_gap", "qdwh_evaluations": 13, "svd_evaluations": 1, "newton": 8, "line_trials": 12, "fallbacks": {"qdwh_cg_uncertain": 1}, "oracle_converged": true, "oracle_newton": 8, "unsafe": false, "certified": true, "independent_gap": 2.2348546768504154e-05, "independent_rcond": 0.004698524593563411, "independent_horizontal": 3.925231146709438e-17, "independent_spectral_excess": 0.0, "direction_recovery_difference": 2.2038178081303105e-16}, {"ratio": 0.00011, "converged": true, "reason": "certified_gap", "qdwh_evaluations": 15, "svd_evaluations": 1, "newton": 8, "line_trials": 14, "fallbacks": {"qdwh_cg_uncertain": 1}, "oracle_converged": true, "oracle_newton": 8, "unsafe": false, "certified": true, "independent_gap": 5.627513749835516e-06, "independent_rcond": 0.008162785627133766, "independent_horizontal": 3.925231146709437e-17, "independent_spectral_excess": 0.0, "direction_recovery_difference": 1.6416410595709433e-16}, {"ratio": 0.00012, "converged": true, "reason": "certified_gap", "qdwh_evaluations": 10, "svd_evaluations": 1, "newton": 7, "line_trials": 9, "fallbacks": {"qdwh_cg_uncertain": 1}, "oracle_converged": true, "oracle_newton": 7, "unsafe": false, "certified": true, "independent_gap": 1.9136777936936123e-05, "independent_rcond": 0.0017403769186131377, "independent_horizontal": 2.9439233600320786e-17, "independent_spectral_excess": 0.0, "direction_recovery_difference": 1.1725178645286192e-16}, {"ratio": 0.00015, "converged": true, "reason": "certified_gap", "qdwh_evaluations": 7, "svd_evaluations": 0, "newton": 6, "line_trials": 6, "fallbacks": {}, "oracle_converged": true, "oracle_newton": 6, "unsafe": false, "certified": true, "independent_gap": 1.1895948165315503e-06, "independent_rcond": 0.0017503268884010124, "independent_horizontal": 3.925231146709438e-17, "independent_spectral_excess": 0.0, "direction_recovery_difference": 1.0568615733341185e-16}, {"ratio": 0.0002, "converged": true, "reason": "certified_gap", "qdwh_evaluations": 11, "svd_evaluations": 0, "newton": 9, "line_trials": 10, "fallbacks": {}, "oracle_converged": true, "oracle_newton": 9, "unsafe": false, "certified": true, "independent_gap": 7.478965842212775e-06, "independent_rcond": 0.006284221440482197, "independent_horizontal": 1.962615573354719e-17, "independent_spectral_excess": 0.0, "direction_recovery_difference": 1.023080912333881e-16}, {"ratio": 0.0003, "converged": true, "reason": "certified_gap", "qdwh_evaluations": 9, "svd_evaluations": 0, "newton": 7, "line_trials": 8, "fallbacks": {}, "oracle_converged": true, "oracle_newton": 7, "unsafe": false, "certified": true, "independent_gap": 1.4588334732261435e-05, "independent_rcond": 0.01007861853944802, "independent_horizontal": 1.962615573354719e-17, "independent_spectral_excess": 0.0, "direction_recovery_difference": 1.5807277268000814e-16}], "elapsed_seconds": 31.807734087109566}
