lagrange0
2026-09-28T18:55:37+02:00
JOB=28902 NODE=lagrange0 CUDA_VISIBLE_DEVICES=0 CPUS=4 MEM=16384 PWD=/home/prignano/qnormuon
Filesystem                  Size  Used Avail Use% Mounted on
10.50.19.60:/lagrange_vol0   14T  2.0T   12T  15% /home
Mon Sep 28 18:55:37 2026       
+-----------------------------------------------------------------------------------------+
| NVIDIA-SMI 570.211.01             Driver Version: 570.211.01     CUDA Version: 12.8     |
|-----------------------------------------+------------------------+----------------------+
| GPU  Name                 Persistence-M | Bus-Id          Disp.A | Volatile Uncorr. ECC |
| Fan  Temp   Perf          Pwr:Usage/Cap |           Memory-Usage | GPU-Util  Compute M. |
|                                         |                        |               MIG M. |
|=========================================+========================+======================|
|   0  NVIDIA H100 NVL                Off |   00000000:01:00.0 Off |                    0 |
| N/A   34C    P0             63W /  400W |       0MiB /  95830MiB |      0%      Default |
|                                         |                        |             Disabled |
+-----------------------------------------+------------------------+----------------------+
                                                                                         
+-----------------------------------------------------------------------------------------+
| Processes:                                                                              |
|  GPU   GI   CI              PID   Type   Process name                        GPU Memory |
|        ID   ID                                                               Usage      |
|=========================================================================================|
|  No running processes found                                                             |
+-----------------------------------------------------------------------------------------+
OUTPUT /home/prignano/qnormuon-runs/tiny-transformer/precision-28902-mini
STEP 0 loss 7.010502815246582 solve_seconds 3.316908523440361 newton [3, 3, 2, 3, 3, 3]
STEP 1 loss 6.866499900817871 solve_seconds 3.2516254112124443 newton [3, 3, 3, 3, 3, 3]
STEP 2 loss 6.708050727844238 solve_seconds 2.983949825167656 newton [2, 3, 3, 3, 3, 3]
STEP 3 loss 6.620704650878906 solve_seconds 2.4732486233115196 newton [2, 3, 2, 2, 2, 2]
STEP 4 loss 6.541109561920166 solve_seconds 2.5874266624450684 newton [2, 3, 2, 2, 2, 2]
STEP 5 loss 6.474589824676514 solve_seconds 2.343068167567253 newton [2, 2, 2, 2, 2, 2]
STEP 6 loss 6.455824851989746 solve_seconds 2.465260274708271 newton [2, 3, 2, 2, 2, 2]
STEP 7 loss 6.419186592102051 solve_seconds 2.4717383682727814 newton [2, 3, 2, 2, 2, 2]
