lagrange0
2026-09-28T18:50:06+02:00
JOB=28899 NODE=lagrange0 CUDA_VISIBLE_DEVICES=0 CPUS=4 MEM=16384 PWD=/home/prignano/qnormuon
Filesystem                  Size  Used Avail Use% Mounted on
10.50.19.60:/lagrange_vol0   14T  2.0T   12T  15% /home
Mon Sep 28 18:50:06 2026       
+-----------------------------------------------------------------------------------------+
| NVIDIA-SMI 570.211.01             Driver Version: 570.211.01     CUDA Version: 12.8     |
|-----------------------------------------+------------------------+----------------------+
| GPU  Name                 Persistence-M | Bus-Id          Disp.A | Volatile Uncorr. ECC |
| Fan  Temp   Perf          Pwr:Usage/Cap |           Memory-Usage | GPU-Util  Compute M. |
|                                         |                        |               MIG M. |
|=========================================+========================+======================|
|   0  NVIDIA H100 NVL                Off |   00000000:01:00.0 Off |                    0 |
| N/A   35C    P0             64W /  400W |       0MiB /  95830MiB |      0%      Default |
|                                         |                        |             Disabled |
+-----------------------------------------+------------------------+----------------------+
                                                                                         
+-----------------------------------------------------------------------------------------+
| Processes:                                                                              |
|  GPU   GI   CI              PID   Type   Process name                        GPU Memory |
|        ID   ID                                                               Usage      |
|=========================================================================================|
|  No running processes found                                                             |
+-----------------------------------------------------------------------------------------+
OUTPUT /home/prignano/qnormuon-runs/tiny-transformer/precision-28899-cold
PAIR blocks.0.mlp {"A_fp32": [false, 5.159220491760613e-05, 1.592719204723835], "B_fp64": [true, 1.6883352486160261e-10, 0.6621356010437012], "F_recovery64": [false, 3.1543598965902985e-05, 0.2746160924434662], "C_refine1": [false, 5.3088771922255134e-08, 0.256980337202549], "D_refine2": [false, 5.142950429643625e-08, 0.60271006077528], "E_refine4": [true, 3.1389067039788083e-12, 0.9061452373862267], "B_fp64_matched_3e5": [true, 2.2770810307094252e-07, 0.5200202837586403]}
PAIR blocks.1.mlp {"A_fp32": [false, 4.4640956246855346e-05, 2.310159407556057], "B_fp64": [true, 2.4150512434760614e-10, 0.6435131952166557], "F_recovery64": [false, 4.872454610403452e-07, 0.12871118634939194], "C_refine1": [true, 1.1136013710704624e-09, 0.2556755393743515], "D_refine2": [true, 1.1136013710704624e-09, 0.2555617019534111], "E_refine4": [true, 1.1136013710704624e-09, 0.25554821640253067], "B_fp64_matched_3e5": [true, 2.766459548871382e-07, 0.5170215144753456]}
PAIR blocks.2.mlp {"A_fp32": [false, 4.568689261892482e-05, 3.866746000945568], "B_fp64": [true, 1.88408510883365e-11, 0.6434256583452225], "F_recovery64": [false, 3.292566989068011e-06, 0.12955746799707413], "C_refine1": [false, 2.6071179528428935e-08, 0.255721852183342], "D_refine2": [true, 3.028673855679122e-12, 0.380182683467865], "E_refine4": [true, 3.028673855679122e-12, 0.38058238476514816], "B_fp64_matched_3e5": [true, 2.275869732714693e-05, 0.38908182829618454]}
PAIR blocks.3.mlp {"A_fp32": [false, 9.6381238989283e-05, 1.0669229179620743], "B_fp64": [true, 5.826841647174345e-10, 0.651743158698082], "F_recovery64": [false, 8.09799271478576e-05, 0.13222898542881012], "C_refine1": [false, 3.3659027376043707e-07, 0.2623031511902809], "D_refine2": [true, 5.763317049350417e-10, 0.3895968124270439], "E_refine4": [true, 5.763317049350417e-10, 0.3902857378125191], "B_fp64_matched_3e5": [true, 3.3588723053348854e-07, 0.5219328552484512]}
PAIR blocks.4.mlp {"A_fp32": [false, 5.189533781498085e-05, 2.4516189843416214], "B_fp64": [true, 1.597960024510495e-09, 0.6501796916127205], "F_recovery64": [false, 2.2027571953156827e-05, 0.13045063614845276], "C_refine1": [false, 2.413216140288509e-07, 0.2597406804561615], "D_refine2": [true, 8.285606093724957e-11, 0.38639963418245316], "E_refine4": [true, 8.285606093724957e-11, 0.3861214444041252], "B_fp64_matched_3e5": [true, 9.804233266973443e-07, 0.5214043110609055]}
PAIR blocks.5.mlp {"A_fp32": [false, 5.054380916494434e-05, 2.5950967222452164], "B_fp64": [true, 2.158170312966857e-09, 0.6514274552464485], "F_recovery64": [false, 7.543164117392144e-07, 0.12969744950532913], "C_refine1": [true, 2.5163355746574122e-09, 0.25808752328157425], "D_refine2": [true, 2.5163355746574122e-09, 0.2581874206662178], "E_refine4": [true, 2.5163355746574122e-09, 0.2583010867238045], "B_fp64_matched_3e5": [true, 7.59183247057026e-07, 0.5221682190895081]}
